ARM GAS  C:\Users\atsu\AppData\Local\Temp\ccNIrBHN.s 			page 1


   1              		.cpu cortex-m0
   2              		.fpu softvfp
   3              		.eabi_attribute 20, 1
   4              		.eabi_attribute 21, 1
   5              		.eabi_attribute 23, 3
   6              		.eabi_attribute 24, 1
   7              		.eabi_attribute 25, 1
   8              		.eabi_attribute 26, 1
   9              		.eabi_attribute 30, 4
  10              		.eabi_attribute 34, 0
  11              		.eabi_attribute 18, 4
  12              		.code	16
  13              		.file	"cyfitter_cfg.c"
  14              		.text
  15              	.Ltext0:
  16              		.cfi_sections	.debug_frame
  17              		.section	.psocinit,"ax",%progbits
  18              		.align	1
  19              		.global	cyfitter_cfg
  20              		.code	16
  21              		.thumb_func
  22              		.type	cyfitter_cfg, %function
  23              	cyfitter_cfg:
  24              	.LFB6:
  25              		.file 1 ".\\Generated_Source\\PSoC4\\cyfitter_cfg.c"
   1:.\Generated_Source\PSoC4/cyfitter_cfg.c **** /*******************************************************************************
   2:.\Generated_Source\PSoC4/cyfitter_cfg.c **** * FILENAME: cyfitter_cfg.c
   3:.\Generated_Source\PSoC4/cyfitter_cfg.c **** * PSoC Creator 3.0 Component Pack 7
   4:.\Generated_Source\PSoC4/cyfitter_cfg.c **** *
   5:.\Generated_Source\PSoC4/cyfitter_cfg.c **** * Description:
   6:.\Generated_Source\PSoC4/cyfitter_cfg.c **** * This file is automatically generated by PSoC Creator with device 
   7:.\Generated_Source\PSoC4/cyfitter_cfg.c **** * initialization code.  Except for the user defined sections in
   8:.\Generated_Source\PSoC4/cyfitter_cfg.c **** * CyClockStartupError(), this file should not be modified.
   9:.\Generated_Source\PSoC4/cyfitter_cfg.c **** *
  10:.\Generated_Source\PSoC4/cyfitter_cfg.c **** ********************************************************************************
  11:.\Generated_Source\PSoC4/cyfitter_cfg.c **** * Copyright 2013, Cypress Semiconductor Corporation.  All rights reserved.
  12:.\Generated_Source\PSoC4/cyfitter_cfg.c **** * You may use this file only in accordance with the license, terms, conditions, 
  13:.\Generated_Source\PSoC4/cyfitter_cfg.c **** * disclaimers, and limitations in the end user license agreement accompanying 
  14:.\Generated_Source\PSoC4/cyfitter_cfg.c **** * the software package with which this file was provided.
  15:.\Generated_Source\PSoC4/cyfitter_cfg.c **** ********************************************************************************/
  16:.\Generated_Source\PSoC4/cyfitter_cfg.c **** 
  17:.\Generated_Source\PSoC4/cyfitter_cfg.c **** #include <string.h>
  18:.\Generated_Source\PSoC4/cyfitter_cfg.c **** #include <cytypes.h>
  19:.\Generated_Source\PSoC4/cyfitter_cfg.c **** #include <cydevice_trm.h>
  20:.\Generated_Source\PSoC4/cyfitter_cfg.c **** #include <cyfitter.h>
  21:.\Generated_Source\PSoC4/cyfitter_cfg.c **** #include <CyLib.h>
  22:.\Generated_Source\PSoC4/cyfitter_cfg.c **** #include <cyfitter_cfg.h>
  23:.\Generated_Source\PSoC4/cyfitter_cfg.c **** 
  24:.\Generated_Source\PSoC4/cyfitter_cfg.c **** 
  25:.\Generated_Source\PSoC4/cyfitter_cfg.c **** #if defined(__GNUC__) || defined(__ARMCC_VERSION)
  26:.\Generated_Source\PSoC4/cyfitter_cfg.c ****     #define CYPACKED 
  27:.\Generated_Source\PSoC4/cyfitter_cfg.c ****     #define CYPACKED_ATTR __attribute__ ((packed))
  28:.\Generated_Source\PSoC4/cyfitter_cfg.c ****     #define CYALIGNED __attribute__ ((aligned))
  29:.\Generated_Source\PSoC4/cyfitter_cfg.c ****     #define CY_CFG_UNUSED __attribute__ ((unused))
  30:.\Generated_Source\PSoC4/cyfitter_cfg.c ****     #define CY_CFG_SECTION __attribute__ ((section(".psocinit")))
  31:.\Generated_Source\PSoC4/cyfitter_cfg.c ****     
  32:.\Generated_Source\PSoC4/cyfitter_cfg.c ****     #if defined(__ARMCC_VERSION)
ARM GAS  C:\Users\atsu\AppData\Local\Temp\ccNIrBHN.s 			page 2


  33:.\Generated_Source\PSoC4/cyfitter_cfg.c ****         #define CY_CFG_MEMORY_BARRIER() __memory_changed()
  34:.\Generated_Source\PSoC4/cyfitter_cfg.c ****     #else
  35:.\Generated_Source\PSoC4/cyfitter_cfg.c ****         #define CY_CFG_MEMORY_BARRIER() __sync_synchronize()
  36:.\Generated_Source\PSoC4/cyfitter_cfg.c ****     #endif
  37:.\Generated_Source\PSoC4/cyfitter_cfg.c ****     
  38:.\Generated_Source\PSoC4/cyfitter_cfg.c **** #elif defined(__ICCARM__)
  39:.\Generated_Source\PSoC4/cyfitter_cfg.c ****     #include <intrinsics.h>
  40:.\Generated_Source\PSoC4/cyfitter_cfg.c **** 
  41:.\Generated_Source\PSoC4/cyfitter_cfg.c ****     #define CYPACKED __packed
  42:.\Generated_Source\PSoC4/cyfitter_cfg.c ****     #define CYPACKED_ATTR 
  43:.\Generated_Source\PSoC4/cyfitter_cfg.c ****     #define CYALIGNED _Pragma("data_alignment=4")
  44:.\Generated_Source\PSoC4/cyfitter_cfg.c ****     #define CY_CFG_UNUSED _Pragma("diag_suppress=Pe177")
  45:.\Generated_Source\PSoC4/cyfitter_cfg.c ****     #define CY_CFG_SECTION _Pragma("location=\".psocinit\"")
  46:.\Generated_Source\PSoC4/cyfitter_cfg.c ****     
  47:.\Generated_Source\PSoC4/cyfitter_cfg.c ****     #define CY_CFG_MEMORY_BARRIER() __DMB()
  48:.\Generated_Source\PSoC4/cyfitter_cfg.c ****     
  49:.\Generated_Source\PSoC4/cyfitter_cfg.c **** #else
  50:.\Generated_Source\PSoC4/cyfitter_cfg.c ****     #error Unsupported toolchain
  51:.\Generated_Source\PSoC4/cyfitter_cfg.c **** #endif
  52:.\Generated_Source\PSoC4/cyfitter_cfg.c **** 
  53:.\Generated_Source\PSoC4/cyfitter_cfg.c **** 
  54:.\Generated_Source\PSoC4/cyfitter_cfg.c **** CY_CFG_UNUSED
  55:.\Generated_Source\PSoC4/cyfitter_cfg.c **** static void CYMEMZERO(void *s, size_t n);
  56:.\Generated_Source\PSoC4/cyfitter_cfg.c **** CY_CFG_UNUSED
  57:.\Generated_Source\PSoC4/cyfitter_cfg.c **** static void CYMEMZERO(void *s, size_t n)
  58:.\Generated_Source\PSoC4/cyfitter_cfg.c **** {
  59:.\Generated_Source\PSoC4/cyfitter_cfg.c **** 	(void)memset(s, 0, n);
  60:.\Generated_Source\PSoC4/cyfitter_cfg.c **** }
  61:.\Generated_Source\PSoC4/cyfitter_cfg.c **** CY_CFG_UNUSED
  62:.\Generated_Source\PSoC4/cyfitter_cfg.c **** static void CYCONFIGCPY(void *dest, const void *src, size_t n);
  63:.\Generated_Source\PSoC4/cyfitter_cfg.c **** CY_CFG_UNUSED
  64:.\Generated_Source\PSoC4/cyfitter_cfg.c **** static void CYCONFIGCPY(void *dest, const void *src, size_t n)
  65:.\Generated_Source\PSoC4/cyfitter_cfg.c **** {
  66:.\Generated_Source\PSoC4/cyfitter_cfg.c **** 	(void)memcpy(dest, src, n);
  67:.\Generated_Source\PSoC4/cyfitter_cfg.c **** }
  68:.\Generated_Source\PSoC4/cyfitter_cfg.c **** CY_CFG_UNUSED
  69:.\Generated_Source\PSoC4/cyfitter_cfg.c **** static void CYCONFIGCPYCODE(void *dest, const void *src, size_t n);
  70:.\Generated_Source\PSoC4/cyfitter_cfg.c **** CY_CFG_UNUSED
  71:.\Generated_Source\PSoC4/cyfitter_cfg.c **** static void CYCONFIGCPYCODE(void *dest, const void *src, size_t n)
  72:.\Generated_Source\PSoC4/cyfitter_cfg.c **** {
  73:.\Generated_Source\PSoC4/cyfitter_cfg.c **** 	(void)memcpy(dest, src, n);
  74:.\Generated_Source\PSoC4/cyfitter_cfg.c **** }
  75:.\Generated_Source\PSoC4/cyfitter_cfg.c **** 
  76:.\Generated_Source\PSoC4/cyfitter_cfg.c **** 
  77:.\Generated_Source\PSoC4/cyfitter_cfg.c **** 
  78:.\Generated_Source\PSoC4/cyfitter_cfg.c **** /* Clock startup error codes                                                   */
  79:.\Generated_Source\PSoC4/cyfitter_cfg.c **** #define CYCLOCKSTART_NO_ERROR    0u
  80:.\Generated_Source\PSoC4/cyfitter_cfg.c **** #define CYCLOCKSTART_XTAL_ERROR  1u
  81:.\Generated_Source\PSoC4/cyfitter_cfg.c **** #define CYCLOCKSTART_32KHZ_ERROR 2u
  82:.\Generated_Source\PSoC4/cyfitter_cfg.c **** #define CYCLOCKSTART_PLL_ERROR   3u
  83:.\Generated_Source\PSoC4/cyfitter_cfg.c **** 
  84:.\Generated_Source\PSoC4/cyfitter_cfg.c **** #ifdef CY_NEED_CYCLOCKSTARTUPERROR
  85:.\Generated_Source\PSoC4/cyfitter_cfg.c **** /*******************************************************************************
  86:.\Generated_Source\PSoC4/cyfitter_cfg.c **** * Function Name: CyClockStartupError
  87:.\Generated_Source\PSoC4/cyfitter_cfg.c **** ********************************************************************************
  88:.\Generated_Source\PSoC4/cyfitter_cfg.c **** * Summary:
  89:.\Generated_Source\PSoC4/cyfitter_cfg.c **** *  If an error is encountered during clock configuration (crystal startup error,
ARM GAS  C:\Users\atsu\AppData\Local\Temp\ccNIrBHN.s 			page 3


  90:.\Generated_Source\PSoC4/cyfitter_cfg.c **** *  PLL lock error, etc.), the system will end up here.  Unless reimplemented by
  91:.\Generated_Source\PSoC4/cyfitter_cfg.c **** *  the customer, this function will stop in an infinite loop.
  92:.\Generated_Source\PSoC4/cyfitter_cfg.c **** *
  93:.\Generated_Source\PSoC4/cyfitter_cfg.c **** * Parameters:
  94:.\Generated_Source\PSoC4/cyfitter_cfg.c **** *   void
  95:.\Generated_Source\PSoC4/cyfitter_cfg.c **** *
  96:.\Generated_Source\PSoC4/cyfitter_cfg.c **** * Return:
  97:.\Generated_Source\PSoC4/cyfitter_cfg.c **** *   void
  98:.\Generated_Source\PSoC4/cyfitter_cfg.c **** *
  99:.\Generated_Source\PSoC4/cyfitter_cfg.c **** *******************************************************************************/
 100:.\Generated_Source\PSoC4/cyfitter_cfg.c **** CY_CFG_UNUSED
 101:.\Generated_Source\PSoC4/cyfitter_cfg.c **** static void CyClockStartupError(uint8 errorCode);
 102:.\Generated_Source\PSoC4/cyfitter_cfg.c **** CY_CFG_UNUSED
 103:.\Generated_Source\PSoC4/cyfitter_cfg.c **** static void CyClockStartupError(uint8 errorCode)
 104:.\Generated_Source\PSoC4/cyfitter_cfg.c **** {
 105:.\Generated_Source\PSoC4/cyfitter_cfg.c ****     /* To remove the compiler warning if errorCode not used.                */
 106:.\Generated_Source\PSoC4/cyfitter_cfg.c ****     errorCode = errorCode;
 107:.\Generated_Source\PSoC4/cyfitter_cfg.c **** 
 108:.\Generated_Source\PSoC4/cyfitter_cfg.c ****     /* `#START CyClockStartupError` */
 109:.\Generated_Source\PSoC4/cyfitter_cfg.c **** 
 110:.\Generated_Source\PSoC4/cyfitter_cfg.c ****     /* If we have a clock startup error (bad MHz crystal, PLL lock, etc.),  */
 111:.\Generated_Source\PSoC4/cyfitter_cfg.c ****     /* we will end up here to allow the customer to implement something to  */
 112:.\Generated_Source\PSoC4/cyfitter_cfg.c ****     /* deal with the clock condition.                                       */
 113:.\Generated_Source\PSoC4/cyfitter_cfg.c **** 
 114:.\Generated_Source\PSoC4/cyfitter_cfg.c ****     /* `#END` */
 115:.\Generated_Source\PSoC4/cyfitter_cfg.c **** 
 116:.\Generated_Source\PSoC4/cyfitter_cfg.c ****     /* If nothing else, stop here since the clocks have not started         */
 117:.\Generated_Source\PSoC4/cyfitter_cfg.c ****     /* correctly.                                                           */
 118:.\Generated_Source\PSoC4/cyfitter_cfg.c ****     while(1) {}
 119:.\Generated_Source\PSoC4/cyfitter_cfg.c **** }
 120:.\Generated_Source\PSoC4/cyfitter_cfg.c **** #endif
 121:.\Generated_Source\PSoC4/cyfitter_cfg.c **** 
 122:.\Generated_Source\PSoC4/cyfitter_cfg.c **** 
 123:.\Generated_Source\PSoC4/cyfitter_cfg.c **** /*******************************************************************************
 124:.\Generated_Source\PSoC4/cyfitter_cfg.c **** * Function Name: SetIMOBGTrims
 125:.\Generated_Source\PSoC4/cyfitter_cfg.c **** ********************************************************************************
 126:.\Generated_Source\PSoC4/cyfitter_cfg.c **** *
 127:.\Generated_Source\PSoC4/cyfitter_cfg.c **** * Summary:
 128:.\Generated_Source\PSoC4/cyfitter_cfg.c **** *   Performs the configuration of the bandgap trim for the IMO based on the given
 129:.\Generated_Source\PSoC4/cyfitter_cfg.c **** *   expected frequency of the IMO. 
 130:.\Generated_Source\PSoC4/cyfitter_cfg.c **** *
 131:.\Generated_Source\PSoC4/cyfitter_cfg.c **** * Parameters:
 132:.\Generated_Source\PSoC4/cyfitter_cfg.c **** *   imoFreq: Frequency for operation of the IMO.
 133:.\Generated_Source\PSoC4/cyfitter_cfg.c **** *
 134:.\Generated_Source\PSoC4/cyfitter_cfg.c **** * Return:
 135:.\Generated_Source\PSoC4/cyfitter_cfg.c **** *   void
 136:.\Generated_Source\PSoC4/cyfitter_cfg.c **** *
 137:.\Generated_Source\PSoC4/cyfitter_cfg.c **** *******************************************************************************/
 138:.\Generated_Source\PSoC4/cyfitter_cfg.c **** static void SetIMOBGTrims(uint8 imoFreq);
 139:.\Generated_Source\PSoC4/cyfitter_cfg.c **** CY_CFG_SECTION
 140:.\Generated_Source\PSoC4/cyfitter_cfg.c **** static void SetIMOBGTrims(uint8 imoFreq)
 141:.\Generated_Source\PSoC4/cyfitter_cfg.c **** {
 142:.\Generated_Source\PSoC4/cyfitter_cfg.c **** 	CYPACKED typedef struct {
 143:.\Generated_Source\PSoC4/cyfitter_cfg.c **** 		uint8 freq;
 144:.\Generated_Source\PSoC4/cyfitter_cfg.c **** 		uint8 absolute;
 145:.\Generated_Source\PSoC4/cyfitter_cfg.c **** 		uint8 tmpco;
 146:.\Generated_Source\PSoC4/cyfitter_cfg.c **** 	} CYPACKED_ATTR imo_trim_entry_t;
ARM GAS  C:\Users\atsu\AppData\Local\Temp\ccNIrBHN.s 			page 4


 147:.\Generated_Source\PSoC4/cyfitter_cfg.c **** 
 148:.\Generated_Source\PSoC4/cyfitter_cfg.c **** 	CYPACKED typedef struct {
 149:.\Generated_Source\PSoC4/cyfitter_cfg.c **** 		imo_trim_entry_t entries[4];
 150:.\Generated_Source\PSoC4/cyfitter_cfg.c **** 	} CYPACKED_ATTR imo_trim_table_t;
 151:.\Generated_Source\PSoC4/cyfitter_cfg.c **** 
 152:.\Generated_Source\PSoC4/cyfitter_cfg.c **** 	static const imo_trim_table_t *imo_trim_table = (const imo_trim_table_t *)CYREG_SFLASH_IMO_MAXF0;
 153:.\Generated_Source\PSoC4/cyfitter_cfg.c **** 	static const uint32 IMO_TRIM_FREQ_TABLE_ENTRIES = sizeof(imo_trim_table->entries)/sizeof(imo_trim_
 154:.\Generated_Source\PSoC4/cyfitter_cfg.c **** 
 155:.\Generated_Source\PSoC4/cyfitter_cfg.c **** 	int32 imoTrimIndex;
 156:.\Generated_Source\PSoC4/cyfitter_cfg.c **** 	uint8 setAbs;
 157:.\Generated_Source\PSoC4/cyfitter_cfg.c **** 	uint8 setTmpCo;
 158:.\Generated_Source\PSoC4/cyfitter_cfg.c **** 
 159:.\Generated_Source\PSoC4/cyfitter_cfg.c **** 	/* Traverse the SFLASH IMO frequency-dependent bandgap trim table to
 160:.\Generated_Source\PSoC4/cyfitter_cfg.c **** 	 * locate the appropriate value to trim the IMO bandgap based on freq. */
 161:.\Generated_Source\PSoC4/cyfitter_cfg.c **** 	setAbs = CY_GET_REG8((const void *)CYREG_SFLASH_IMO_ABS4);
 162:.\Generated_Source\PSoC4/cyfitter_cfg.c **** 	setTmpCo = CY_GET_REG8((const void *)CYREG_SFLASH_IMO_TMPCO4);
 163:.\Generated_Source\PSoC4/cyfitter_cfg.c **** 	for (imoTrimIndex = ((int32)IMO_TRIM_FREQ_TABLE_ENTRIES)-1;
 164:.\Generated_Source\PSoC4/cyfitter_cfg.c **** 	     (imoTrimIndex >= 0) && (imoFreq <= imo_trim_table->entries[imoTrimIndex].freq);
 165:.\Generated_Source\PSoC4/cyfitter_cfg.c **** 	     imoTrimIndex--)
 166:.\Generated_Source\PSoC4/cyfitter_cfg.c **** 	{
 167:.\Generated_Source\PSoC4/cyfitter_cfg.c **** 		setAbs = imo_trim_table->entries[imoTrimIndex].absolute;
 168:.\Generated_Source\PSoC4/cyfitter_cfg.c **** 		setTmpCo = imo_trim_table->entries[imoTrimIndex].tmpco;
 169:.\Generated_Source\PSoC4/cyfitter_cfg.c **** 	}
 170:.\Generated_Source\PSoC4/cyfitter_cfg.c **** 
 171:.\Generated_Source\PSoC4/cyfitter_cfg.c **** 	CY_SET_REG32((void *)CYREG_PWR_BG_TRIM4, setAbs);
 172:.\Generated_Source\PSoC4/cyfitter_cfg.c **** 	CY_SET_REG32((void *)CYREG_PWR_BG_TRIM5, setTmpCo);
 173:.\Generated_Source\PSoC4/cyfitter_cfg.c **** }
 174:.\Generated_Source\PSoC4/cyfitter_cfg.c **** 
 175:.\Generated_Source\PSoC4/cyfitter_cfg.c **** 
 176:.\Generated_Source\PSoC4/cyfitter_cfg.c **** 
 177:.\Generated_Source\PSoC4/cyfitter_cfg.c **** /*******************************************************************************
 178:.\Generated_Source\PSoC4/cyfitter_cfg.c **** * Function Name: ClockSetup
 179:.\Generated_Source\PSoC4/cyfitter_cfg.c **** ********************************************************************************
 180:.\Generated_Source\PSoC4/cyfitter_cfg.c **** *
 181:.\Generated_Source\PSoC4/cyfitter_cfg.c **** * Summary:
 182:.\Generated_Source\PSoC4/cyfitter_cfg.c **** *   Performs the initialization of all of the clocks in the device based on the
 183:.\Generated_Source\PSoC4/cyfitter_cfg.c **** *   settings in the Clock tab of the DWR.  This includes enabling the requested
 184:.\Generated_Source\PSoC4/cyfitter_cfg.c **** *   clocks and setting the necessary dividers to produce the desired frequency. 
 185:.\Generated_Source\PSoC4/cyfitter_cfg.c **** *
 186:.\Generated_Source\PSoC4/cyfitter_cfg.c **** * Parameters:
 187:.\Generated_Source\PSoC4/cyfitter_cfg.c **** *   void
 188:.\Generated_Source\PSoC4/cyfitter_cfg.c **** *
 189:.\Generated_Source\PSoC4/cyfitter_cfg.c **** * Return:
 190:.\Generated_Source\PSoC4/cyfitter_cfg.c **** *   void
 191:.\Generated_Source\PSoC4/cyfitter_cfg.c **** *
 192:.\Generated_Source\PSoC4/cyfitter_cfg.c **** *******************************************************************************/
 193:.\Generated_Source\PSoC4/cyfitter_cfg.c **** static void ClockSetup(void);
 194:.\Generated_Source\PSoC4/cyfitter_cfg.c **** CY_CFG_SECTION
 195:.\Generated_Source\PSoC4/cyfitter_cfg.c **** static void ClockSetup(void)
 196:.\Generated_Source\PSoC4/cyfitter_cfg.c **** {
 197:.\Generated_Source\PSoC4/cyfitter_cfg.c **** 	/* Enable HALF_EN before trimming for the flash accelerator. */
 198:.\Generated_Source\PSoC4/cyfitter_cfg.c **** 	CY_SET_REG32((void CYXDATA *)(CYREG_CLK_SELECT), (CY_GET_REG32((void *)CYREG_CLK_SELECT) | 0x00040
 199:.\Generated_Source\PSoC4/cyfitter_cfg.c **** 
 200:.\Generated_Source\PSoC4/cyfitter_cfg.c **** 	/* Trim IMO BG based on desired frequency. */
 201:.\Generated_Source\PSoC4/cyfitter_cfg.c **** 	SetIMOBGTrims(48u);
 202:.\Generated_Source\PSoC4/cyfitter_cfg.c **** 
 203:.\Generated_Source\PSoC4/cyfitter_cfg.c **** 	/* Going faster than 24MHz, so update trim value then adjust to new clock speed. */
ARM GAS  C:\Users\atsu\AppData\Local\Temp\ccNIrBHN.s 			page 5


 204:.\Generated_Source\PSoC4/cyfitter_cfg.c **** 	CY_SET_REG32((void CYXDATA *)(CYREG_CLK_IMO_TRIM1), (CY_GET_REG8((void *)CYREG_SFLASH_IMO_TRIM45))
 205:.\Generated_Source\PSoC4/cyfitter_cfg.c **** 	CyDelayUs(5u);
 206:.\Generated_Source\PSoC4/cyfitter_cfg.c **** 	CY_SET_REG32((void CYXDATA *)(CYREG_CLK_IMO_TRIM2), (53u));
 207:.\Generated_Source\PSoC4/cyfitter_cfg.c **** 
 208:.\Generated_Source\PSoC4/cyfitter_cfg.c **** 	/* CYDEV_CLK_SELECT00 Starting address: CYDEV_CLK_SELECT00 */
 209:.\Generated_Source\PSoC4/cyfitter_cfg.c **** 	CY_SET_XTND_REG32((void CYFAR *)(CYREG_CLK_SELECT02), 0x00000020u);
 210:.\Generated_Source\PSoC4/cyfitter_cfg.c **** 	CY_SET_XTND_REG32((void CYFAR *)(CYREG_CLK_SELECT03), 0x00000010u);
 211:.\Generated_Source\PSoC4/cyfitter_cfg.c **** 
 212:.\Generated_Source\PSoC4/cyfitter_cfg.c **** 	/* CYDEV_CLK_IMO_CONFIG Starting address: CYDEV_CLK_IMO_CONFIG */
 213:.\Generated_Source\PSoC4/cyfitter_cfg.c **** 	CY_SET_XTND_REG32((void CYFAR *)(CYREG_CLK_IMO_CONFIG), 0x80000000u);
 214:.\Generated_Source\PSoC4/cyfitter_cfg.c **** 
 215:.\Generated_Source\PSoC4/cyfitter_cfg.c **** 	/* CYDEV_CLK_ILO_CONFIG Starting address: CYDEV_CLK_ILO_CONFIG */
 216:.\Generated_Source\PSoC4/cyfitter_cfg.c **** 	CY_SET_XTND_REG32((void CYFAR *)(CYREG_CLK_ILO_CONFIG), 0x80000000u);
 217:.\Generated_Source\PSoC4/cyfitter_cfg.c **** 
 218:.\Generated_Source\PSoC4/cyfitter_cfg.c **** 	/* CYDEV_CLK_SELECT Starting address: CYDEV_CLK_SELECT */
 219:.\Generated_Source\PSoC4/cyfitter_cfg.c **** 	CY_SET_XTND_REG32((void CYFAR *)(CYREG_CLK_SELECT), 0x00040000u);
 220:.\Generated_Source\PSoC4/cyfitter_cfg.c **** 
 221:.\Generated_Source\PSoC4/cyfitter_cfg.c **** 	/* CYDEV_CLK_DIVIDER_A00 Starting address: CYDEV_CLK_DIVIDER_A00 */
 222:.\Generated_Source\PSoC4/cyfitter_cfg.c **** 	CY_SET_XTND_REG32((void CYFAR *)(CYREG_CLK_DIVIDER_A00), 0x80000001u);
 223:.\Generated_Source\PSoC4/cyfitter_cfg.c **** 
 224:.\Generated_Source\PSoC4/cyfitter_cfg.c **** 	/* CYDEV_CLK_DIVIDER_B00 Starting address: CYDEV_CLK_DIVIDER_B00 */
 225:.\Generated_Source\PSoC4/cyfitter_cfg.c **** 	CY_SET_XTND_REG32((void CYFAR *)(CYREG_CLK_DIVIDER_B00), 0x800001A0u);
 226:.\Generated_Source\PSoC4/cyfitter_cfg.c **** 
 227:.\Generated_Source\PSoC4/cyfitter_cfg.c **** }
 228:.\Generated_Source\PSoC4/cyfitter_cfg.c **** 
 229:.\Generated_Source\PSoC4/cyfitter_cfg.c **** 
 230:.\Generated_Source\PSoC4/cyfitter_cfg.c **** /* Analog API Functions */
 231:.\Generated_Source\PSoC4/cyfitter_cfg.c **** 
 232:.\Generated_Source\PSoC4/cyfitter_cfg.c **** 
 233:.\Generated_Source\PSoC4/cyfitter_cfg.c **** /*******************************************************************************
 234:.\Generated_Source\PSoC4/cyfitter_cfg.c **** * Function Name: AnalogSetDefault
 235:.\Generated_Source\PSoC4/cyfitter_cfg.c **** ********************************************************************************
 236:.\Generated_Source\PSoC4/cyfitter_cfg.c **** *
 237:.\Generated_Source\PSoC4/cyfitter_cfg.c **** * Summary:
 238:.\Generated_Source\PSoC4/cyfitter_cfg.c **** *  Sets up the analog portions of the chip to default values based on chip
 239:.\Generated_Source\PSoC4/cyfitter_cfg.c **** *  configuration options from the project.
 240:.\Generated_Source\PSoC4/cyfitter_cfg.c **** *
 241:.\Generated_Source\PSoC4/cyfitter_cfg.c **** * Parameters:
 242:.\Generated_Source\PSoC4/cyfitter_cfg.c **** *  void
 243:.\Generated_Source\PSoC4/cyfitter_cfg.c **** *
 244:.\Generated_Source\PSoC4/cyfitter_cfg.c **** * Return:
 245:.\Generated_Source\PSoC4/cyfitter_cfg.c **** *  void
 246:.\Generated_Source\PSoC4/cyfitter_cfg.c **** *
 247:.\Generated_Source\PSoC4/cyfitter_cfg.c **** *******************************************************************************/
 248:.\Generated_Source\PSoC4/cyfitter_cfg.c **** static void AnalogSetDefault(void);
 249:.\Generated_Source\PSoC4/cyfitter_cfg.c **** static void AnalogSetDefault(void)
 250:.\Generated_Source\PSoC4/cyfitter_cfg.c **** {
 251:.\Generated_Source\PSoC4/cyfitter_cfg.c **** }
 252:.\Generated_Source\PSoC4/cyfitter_cfg.c **** 
 253:.\Generated_Source\PSoC4/cyfitter_cfg.c **** #define CY_AMUX_UNUSED CYREG_CM0_ROM_DWT
 254:.\Generated_Source\PSoC4/cyfitter_cfg.c **** 
 255:.\Generated_Source\PSoC4/cyfitter_cfg.c **** 
 256:.\Generated_Source\PSoC4/cyfitter_cfg.c **** /*******************************************************************************
 257:.\Generated_Source\PSoC4/cyfitter_cfg.c **** * Function Name: cyfitter_cfg
 258:.\Generated_Source\PSoC4/cyfitter_cfg.c **** ********************************************************************************
 259:.\Generated_Source\PSoC4/cyfitter_cfg.c **** * Summary:
 260:.\Generated_Source\PSoC4/cyfitter_cfg.c **** *  This function is called by the start-up code for the selected device. It
ARM GAS  C:\Users\atsu\AppData\Local\Temp\ccNIrBHN.s 			page 6


 261:.\Generated_Source\PSoC4/cyfitter_cfg.c **** *  performs all of the necessary device configuration based on the design
 262:.\Generated_Source\PSoC4/cyfitter_cfg.c **** *  settings.  This includes settings from the Design Wide Resources (DWR) such
 263:.\Generated_Source\PSoC4/cyfitter_cfg.c **** *  as Clocks and Pins as well as any component configuration that is necessary.
 264:.\Generated_Source\PSoC4/cyfitter_cfg.c **** *
 265:.\Generated_Source\PSoC4/cyfitter_cfg.c **** * Parameters:  
 266:.\Generated_Source\PSoC4/cyfitter_cfg.c **** *   void
 267:.\Generated_Source\PSoC4/cyfitter_cfg.c **** *
 268:.\Generated_Source\PSoC4/cyfitter_cfg.c **** * Return:
 269:.\Generated_Source\PSoC4/cyfitter_cfg.c **** *   void
 270:.\Generated_Source\PSoC4/cyfitter_cfg.c **** *
 271:.\Generated_Source\PSoC4/cyfitter_cfg.c **** *******************************************************************************/
 272:.\Generated_Source\PSoC4/cyfitter_cfg.c **** CY_CFG_SECTION
 273:.\Generated_Source\PSoC4/cyfitter_cfg.c **** void cyfitter_cfg(void)
 274:.\Generated_Source\PSoC4/cyfitter_cfg.c **** {
  26              		.loc 1 274 0
  27              		.cfi_startproc
  28 0000 10B5     		push	{r4, lr}
  29              	.LCFI0:
  30              		.cfi_def_cfa_offset 8
  31              		.cfi_offset 4, -8
  32              		.cfi_offset 14, -4
 275:.\Generated_Source\PSoC4/cyfitter_cfg.c **** 	/* Disable interrupts by default. Let user enable if/when they want. */
 276:.\Generated_Source\PSoC4/cyfitter_cfg.c **** 	CyGlobalIntDisable;
  33              		.loc 1 276 0
  34              	@ 276 ".\Generated_Source\PSoC4\cyfitter_cfg.c" 1
  35 0002 72B6     		CPSID   i
  36              	@ 0 "" 2
  37              	.LVL0:
  38              		.code	16
  39              	.LBB14:
  40              	.LBB15:
  41              	.LBB16:
  42              	.LBB17:
  59:.\Generated_Source\PSoC4/cyfitter_cfg.c **** 	(void)memset(s, 0, n);
  43              		.loc 1 59 0
  44 0004 8022     		mov	r2, #128
  45 0006 0021     		mov	r1, #0
  46 0008 D200     		lsl	r2, r2, #3
  47 000a 3648     		ldr	r0, .L6
  48 000c FFF7FEFF 		bl	memset
  49              	.LVL1:
  50 0010 8023     		mov	r3, #128
  51 0012 DA00     		lsl	r2, r3, #3
  52 0014 0021     		mov	r1, #0
  53 0016 3448     		ldr	r0, .L6+4
  54 0018 FFF7FEFF 		bl	memset
  55              	.LVL2:
  56              	.LBE17:
  57              	.LBE16:
  58              	.LBE15:
 277:.\Generated_Source\PSoC4/cyfitter_cfg.c **** 
 278:.\Generated_Source\PSoC4/cyfitter_cfg.c **** 	{
 279:.\Generated_Source\PSoC4/cyfitter_cfg.c **** 
 280:.\Generated_Source\PSoC4/cyfitter_cfg.c **** 		CYPACKED typedef struct {
 281:.\Generated_Source\PSoC4/cyfitter_cfg.c **** 			void CYFAR *address;
 282:.\Generated_Source\PSoC4/cyfitter_cfg.c **** 			uint16 size;
 283:.\Generated_Source\PSoC4/cyfitter_cfg.c **** 		} CYPACKED_ATTR cfg_memset_t;
ARM GAS  C:\Users\atsu\AppData\Local\Temp\ccNIrBHN.s 			page 7


 284:.\Generated_Source\PSoC4/cyfitter_cfg.c **** 
 285:.\Generated_Source\PSoC4/cyfitter_cfg.c **** 		static const cfg_memset_t CYCODE cfg_memset_list [] = {
 286:.\Generated_Source\PSoC4/cyfitter_cfg.c **** 			/* address, size */
 287:.\Generated_Source\PSoC4/cyfitter_cfg.c **** 			{(void CYFAR *)(CYDEV_UDB_P0_U0_BASE), 1024u},
 288:.\Generated_Source\PSoC4/cyfitter_cfg.c **** 			{(void CYFAR *)(CYDEV_UDB_DSI0_BASE), 1024u},
 289:.\Generated_Source\PSoC4/cyfitter_cfg.c **** 		};
 290:.\Generated_Source\PSoC4/cyfitter_cfg.c **** 
 291:.\Generated_Source\PSoC4/cyfitter_cfg.c **** 		uint8 CYDATA i;
 292:.\Generated_Source\PSoC4/cyfitter_cfg.c **** 
 293:.\Generated_Source\PSoC4/cyfitter_cfg.c **** 		/* Zero out critical memory blocks before beginning configuration */
 294:.\Generated_Source\PSoC4/cyfitter_cfg.c **** 		for (i = 0u; i < (sizeof(cfg_memset_list)/sizeof(cfg_memset_list[0])); i++)
 295:.\Generated_Source\PSoC4/cyfitter_cfg.c **** 		{
 296:.\Generated_Source\PSoC4/cyfitter_cfg.c **** 			const cfg_memset_t CYCODE * CYDATA ms = &cfg_memset_list[i];
 297:.\Generated_Source\PSoC4/cyfitter_cfg.c **** 			CYMEMZERO(ms->address, (uint32)(ms->size));
 298:.\Generated_Source\PSoC4/cyfitter_cfg.c **** 		}
 299:.\Generated_Source\PSoC4/cyfitter_cfg.c **** 
 300:.\Generated_Source\PSoC4/cyfitter_cfg.c **** 		/* HSIOM Starting address: CYDEV_HSIOM_BASE */
 301:.\Generated_Source\PSoC4/cyfitter_cfg.c **** 		CY_SET_XTND_REG32((void CYFAR *)(CYDEV_HSIOM_BASE), 0xFF000000u);
  59              		.loc 1 301 0
  60 001c 334C     		ldr	r4, .L6+8
  61 001e FF20     		mov	r0, #255
  62 0020 0106     		lsl	r1, r0, #24
  63 0022 2160     		str	r1, [r4]
 302:.\Generated_Source\PSoC4/cyfitter_cfg.c **** 		CY_SET_XTND_REG32((void CYFAR *)(CYREG_HSIOM_PORT_SEL3), 0x0000EEFFu);
  64              		.loc 1 302 0
  65 0024 324A     		ldr	r2, .L6+12
  66 0026 334B     		ldr	r3, .L6+16
 303:.\Generated_Source\PSoC4/cyfitter_cfg.c **** 		CY_SET_XTND_REG32((void CYFAR *)(CYREG_HSIOM_PORT_SEL4), 0x00000099u);
  67              		.loc 1 303 0
  68 0028 3349     		ldr	r1, .L6+20
  69 002a 9920     		mov	r0, #153
 302:.\Generated_Source\PSoC4/cyfitter_cfg.c **** 		CY_SET_XTND_REG32((void CYFAR *)(CYREG_HSIOM_PORT_SEL3), 0x0000EEFFu);
  70              		.loc 1 302 0
  71 002c 1A60     		str	r2, [r3]
  72              		.loc 1 303 0
  73 002e 0860     		str	r0, [r1]
 304:.\Generated_Source\PSoC4/cyfitter_cfg.c **** 
 305:.\Generated_Source\PSoC4/cyfitter_cfg.c **** 		/* IOPINS0_0 Starting address: CYDEV_PRT0_DR */
 306:.\Generated_Source\PSoC4/cyfitter_cfg.c **** 		CY_SET_XTND_REG32((void CYFAR *)(CYREG_PRT0_DR), 0x000000C0u);
  74              		.loc 1 306 0
  75 0030 324A     		ldr	r2, .L6+24
 307:.\Generated_Source\PSoC4/cyfitter_cfg.c **** 		CY_SET_XTND_REG32((void CYFAR *)(CYREG_PRT0_PC), 0x00D80000u);
  76              		.loc 1 307 0
  77 0032 D823     		mov	r3, #216
  78 0034 3249     		ldr	r1, .L6+28
  79 0036 1804     		lsl	r0, r3, #16
 306:.\Generated_Source\PSoC4/cyfitter_cfg.c **** 		CY_SET_XTND_REG32((void CYFAR *)(CYREG_PRT0_DR), 0x000000C0u);
  80              		.loc 1 306 0
  81 0038 C024     		mov	r4, #192
  82 003a 1460     		str	r4, [r2]
 308:.\Generated_Source\PSoC4/cyfitter_cfg.c **** 
 309:.\Generated_Source\PSoC4/cyfitter_cfg.c **** 		/* IOPINS0_3 Starting address: CYDEV_PRT3_DR */
 310:.\Generated_Source\PSoC4/cyfitter_cfg.c **** 		CY_SET_XTND_REG32((void CYFAR *)(CYREG_PRT3_DR), 0x00000001u);
 311:.\Generated_Source\PSoC4/cyfitter_cfg.c **** 		CY_SET_XTND_REG32((void CYFAR *)(CYREG_PRT3_PC), 0x00006D8Eu);
  83              		.loc 1 311 0
  84 003c 314B     		ldr	r3, .L6+32
 307:.\Generated_Source\PSoC4/cyfitter_cfg.c **** 		CY_SET_XTND_REG32((void CYFAR *)(CYREG_PRT0_PC), 0x00D80000u);
ARM GAS  C:\Users\atsu\AppData\Local\Temp\ccNIrBHN.s 			page 8


  85              		.loc 1 307 0
  86 003e 0860     		str	r0, [r1]
 310:.\Generated_Source\PSoC4/cyfitter_cfg.c **** 		CY_SET_XTND_REG32((void CYFAR *)(CYREG_PRT3_DR), 0x00000001u);
  87              		.loc 1 310 0
  88 0040 314A     		ldr	r2, .L6+36
  89              		.loc 1 311 0
  90 0042 3248     		ldr	r0, .L6+40
 310:.\Generated_Source\PSoC4/cyfitter_cfg.c **** 		CY_SET_XTND_REG32((void CYFAR *)(CYREG_PRT3_DR), 0x00000001u);
  91              		.loc 1 310 0
  92 0044 0124     		mov	r4, #1
  93 0046 1460     		str	r4, [r2]
 312:.\Generated_Source\PSoC4/cyfitter_cfg.c **** 
 313:.\Generated_Source\PSoC4/cyfitter_cfg.c **** 		/* IOPINS0_4 Starting address: CYDEV_PRT4_DR */
 314:.\Generated_Source\PSoC4/cyfitter_cfg.c **** 		CY_SET_XTND_REG32((void CYFAR *)(CYREG_PRT4_DR), 0x00000002u);
  94              		.loc 1 314 0
  95 0048 3149     		ldr	r1, .L6+44
 311:.\Generated_Source\PSoC4/cyfitter_cfg.c **** 		CY_SET_XTND_REG32((void CYFAR *)(CYREG_PRT3_PC), 0x00006D8Eu);
  96              		.loc 1 311 0
  97 004a 1860     		str	r0, [r3]
 315:.\Generated_Source\PSoC4/cyfitter_cfg.c **** 		CY_SET_XTND_REG32((void CYFAR *)(CYREG_PRT4_PC), 0x00000031u);
  98              		.loc 1 315 0
  99 004c 3148     		ldr	r0, .L6+48
 314:.\Generated_Source\PSoC4/cyfitter_cfg.c **** 		CY_SET_XTND_REG32((void CYFAR *)(CYREG_PRT4_DR), 0x00000002u);
 100              		.loc 1 314 0
 101 004e 0224     		mov	r4, #2
 102              		.loc 1 315 0
 103 0050 3122     		mov	r2, #49
 314:.\Generated_Source\PSoC4/cyfitter_cfg.c **** 		CY_SET_XTND_REG32((void CYFAR *)(CYREG_PRT4_DR), 0x00000002u);
 104              		.loc 1 314 0
 105 0052 0C60     		str	r4, [r1]
 316:.\Generated_Source\PSoC4/cyfitter_cfg.c **** 
 317:.\Generated_Source\PSoC4/cyfitter_cfg.c **** 		/* UDB_PA_0 Starting address: CYDEV_UDB_PA0_BASE */
 318:.\Generated_Source\PSoC4/cyfitter_cfg.c **** 		CY_SET_XTND_REG32((void CYFAR *)(CYDEV_UDB_PA0_BASE), 0x00990000u);
 106              		.loc 1 318 0
 107 0054 9923     		mov	r3, #153
 315:.\Generated_Source\PSoC4/cyfitter_cfg.c **** 		CY_SET_XTND_REG32((void CYFAR *)(CYREG_PRT4_PC), 0x00000031u);
 108              		.loc 1 315 0
 109 0056 0260     		str	r2, [r0]
 110              		.loc 1 318 0
 111 0058 2F49     		ldr	r1, .L6+52
 319:.\Generated_Source\PSoC4/cyfitter_cfg.c **** 
 320:.\Generated_Source\PSoC4/cyfitter_cfg.c **** 		/* UDB_PA_3 Starting address: CYDEV_UDB_PA3_BASE */
 321:.\Generated_Source\PSoC4/cyfitter_cfg.c **** 		CY_SET_XTND_REG32((void CYFAR *)(CYDEV_UDB_PA3_BASE), 0x00990000u);
 112              		.loc 1 321 0
 113 005a 3048     		ldr	r0, .L6+56
 318:.\Generated_Source\PSoC4/cyfitter_cfg.c **** 		CY_SET_XTND_REG32((void CYFAR *)(CYDEV_UDB_PA0_BASE), 0x00990000u);
 114              		.loc 1 318 0
 115 005c 1A04     		lsl	r2, r3, #16
 322:.\Generated_Source\PSoC4/cyfitter_cfg.c **** 
 323:.\Generated_Source\PSoC4/cyfitter_cfg.c **** 		/* Enable digital routing */
 324:.\Generated_Source\PSoC4/cyfitter_cfg.c **** 		CY_SET_XTND_REG8((void *)CYREG_UDB_UDBIF_BANK_CTL, CY_GET_XTND_REG8((void *)CYREG_UDB_UDBIF_BANK_
 116              		.loc 1 324 0
 117 005e 304B     		ldr	r3, .L6+60
 318:.\Generated_Source\PSoC4/cyfitter_cfg.c **** 		CY_SET_XTND_REG32((void CYFAR *)(CYDEV_UDB_PA0_BASE), 0x00990000u);
 118              		.loc 1 318 0
 119 0060 0A60     		str	r2, [r1]
 321:.\Generated_Source\PSoC4/cyfitter_cfg.c **** 		CY_SET_XTND_REG32((void CYFAR *)(CYDEV_UDB_PA3_BASE), 0x00990000u);
ARM GAS  C:\Users\atsu\AppData\Local\Temp\ccNIrBHN.s 			page 9


 120              		.loc 1 321 0
 121 0062 0260     		str	r2, [r0]
 122              		.loc 1 324 0
 123 0064 1A78     		ldrb	r2, [r3]
 325:.\Generated_Source\PSoC4/cyfitter_cfg.c **** 
 326:.\Generated_Source\PSoC4/cyfitter_cfg.c **** 		/* Enable UDB array */
 327:.\Generated_Source\PSoC4/cyfitter_cfg.c **** 		CY_SET_XTND_REG8((void *)CYREG_UDB_UDBIF_BANK_CTL, CY_GET_XTND_REG8((void *)CYREG_UDB_UDBIF_BANK_
 124              		.loc 1 327 0
 125 0066 0621     		mov	r1, #6
 324:.\Generated_Source\PSoC4/cyfitter_cfg.c **** 		CY_SET_XTND_REG8((void *)CYREG_UDB_UDBIF_BANK_CTL, CY_GET_XTND_REG8((void *)CYREG_UDB_UDBIF_BANK_
 126              		.loc 1 324 0
 127 0068 1443     		orr	r4, r2
 128 006a 1C70     		strb	r4, [r3]
 129              		.loc 1 327 0
 130 006c 1C78     		ldrb	r4, [r3]
 131              	.LBE14:
 132              	.LBB18:
 133              	.LBB19:
 198:.\Generated_Source\PSoC4/cyfitter_cfg.c **** 	CY_SET_REG32((void CYXDATA *)(CYREG_CLK_SELECT), (CY_GET_REG32((void *)CYREG_CLK_SELECT) | 0x00040
 134              		.loc 1 198 0
 135 006e 2D4A     		ldr	r2, .L6+64
 136              	.LBE19:
 137              	.LBE18:
 138              	.LBB30:
 139              		.loc 1 327 0
 140 0070 0C43     		orr	r4, r1
 141 0072 1C70     		strb	r4, [r3]
 142              	.LBE30:
 143              	.LBB31:
 144              	.LBB28:
 198:.\Generated_Source\PSoC4/cyfitter_cfg.c **** 	CY_SET_REG32((void CYXDATA *)(CYREG_CLK_SELECT), (CY_GET_REG32((void *)CYREG_CLK_SELECT) | 0x00040
 145              		.loc 1 198 0
 146 0074 1068     		ldr	r0, [r2]
 147 0076 8023     		mov	r3, #128
 148 0078 DC02     		lsl	r4, r3, #11
 149 007a 0443     		orr	r4, r0
 150              	.LBB20:
 151              	.LBB21:
 161:.\Generated_Source\PSoC4/cyfitter_cfg.c **** 	setAbs = CY_GET_REG8((const void *)CYREG_SFLASH_IMO_ABS4);
 152              		.loc 1 161 0
 153 007c 2A49     		ldr	r1, .L6+68
 162:.\Generated_Source\PSoC4/cyfitter_cfg.c **** 	setTmpCo = CY_GET_REG8((const void *)CYREG_SFLASH_IMO_TMPCO4);
 154              		.loc 1 162 0
 155 007e 2B4B     		ldr	r3, .L6+72
 156              	.LBE21:
 157              	.LBE20:
 198:.\Generated_Source\PSoC4/cyfitter_cfg.c **** 	CY_SET_REG32((void CYXDATA *)(CYREG_CLK_SELECT), (CY_GET_REG32((void *)CYREG_CLK_SELECT) | 0x00040
 158              		.loc 1 198 0
 159 0080 1460     		str	r4, [r2]
 160              	.LVL3:
 161              	.LBB25:
 162              	.LBB22:
 161:.\Generated_Source\PSoC4/cyfitter_cfg.c **** 	setAbs = CY_GET_REG8((const void *)CYREG_SFLASH_IMO_ABS4);
 163              		.loc 1 161 0
 164 0082 0878     		ldrb	r0, [r1]
 165              	.LVL4:
 162:.\Generated_Source\PSoC4/cyfitter_cfg.c **** 	setTmpCo = CY_GET_REG8((const void *)CYREG_SFLASH_IMO_TMPCO4);
ARM GAS  C:\Users\atsu\AppData\Local\Temp\ccNIrBHN.s 			page 10


 166              		.loc 1 162 0
 167 0084 1978     		ldrb	r1, [r3]
 168              	.LVL5:
 169 0086 2A4B     		ldr	r3, .L6+76
 170 0088 141C     		mov	r4, r2
 171              	.LVL6:
 172              	.L2:
 164:.\Generated_Source\PSoC4/cyfitter_cfg.c **** 	     (imoTrimIndex >= 0) && (imoFreq <= imo_trim_table->entries[imoTrimIndex].freq);
 173              		.loc 1 164 0
 174 008a 1A78     		ldrb	r2, [r3]
 175 008c 2F2A     		cmp	r2, #47
 176 008e 05D9     		bls	.L3
 177              	.L4:
 163:.\Generated_Source\PSoC4/cyfitter_cfg.c **** 	for (imoTrimIndex = ((int32)IMO_TRIM_FREQ_TABLE_ENTRIES)-1;
 178              		.loc 1 163 0
 179 0090 284A     		ldr	r2, .L6+80
 167:.\Generated_Source\PSoC4/cyfitter_cfg.c **** 		setAbs = imo_trim_table->entries[imoTrimIndex].absolute;
 180              		.loc 1 167 0
 181 0092 5878     		ldrb	r0, [r3, #1]
 168:.\Generated_Source\PSoC4/cyfitter_cfg.c **** 		setTmpCo = imo_trim_table->entries[imoTrimIndex].tmpco;
 182              		.loc 1 168 0
 183 0094 9978     		ldrb	r1, [r3, #2]
 184 0096 033B     		sub	r3, r3, #3
 163:.\Generated_Source\PSoC4/cyfitter_cfg.c **** 	for (imoTrimIndex = ((int32)IMO_TRIM_FREQ_TABLE_ENTRIES)-1;
 185              		.loc 1 163 0
 186 0098 9342     		cmp	r3, r2
 187 009a F6D1     		bne	.L2
 188              	.L3:
 171:.\Generated_Source\PSoC4/cyfitter_cfg.c **** 	CY_SET_REG32((void *)CYREG_PWR_BG_TRIM4, setAbs);
 189              		.loc 1 171 0
 190 009c 264B     		ldr	r3, .L6+84
 191              	.LBE22:
 192              	.LBE25:
 193              	.LBE28:
 194              	.LBE31:
 328:.\Generated_Source\PSoC4/cyfitter_cfg.c **** 	}
 329:.\Generated_Source\PSoC4/cyfitter_cfg.c **** 
 330:.\Generated_Source\PSoC4/cyfitter_cfg.c **** 	/* Setup clocks based on selections from Clock DWR */
 331:.\Generated_Source\PSoC4/cyfitter_cfg.c **** 	ClockSetup();
 332:.\Generated_Source\PSoC4/cyfitter_cfg.c **** 
 333:.\Generated_Source\PSoC4/cyfitter_cfg.c **** 	/* Perform basic analog initialization to defaults */
 334:.\Generated_Source\PSoC4/cyfitter_cfg.c **** 	AnalogSetDefault();
 335:.\Generated_Source\PSoC4/cyfitter_cfg.c **** 
 336:.\Generated_Source\PSoC4/cyfitter_cfg.c **** }
 195              		.loc 1 336 0
 196              		@ sp needed for prologue
 197              	.LBB32:
 198              	.LBB29:
 199              	.LBB26:
 200              	.LBB23:
 171:.\Generated_Source\PSoC4/cyfitter_cfg.c **** 	CY_SET_REG32((void *)CYREG_PWR_BG_TRIM4, setAbs);
 201              		.loc 1 171 0
 202 009e 1860     		str	r0, [r3]
 172:.\Generated_Source\PSoC4/cyfitter_cfg.c **** 	CY_SET_REG32((void *)CYREG_PWR_BG_TRIM5, setTmpCo);
 203              		.loc 1 172 0
 204 00a0 2648     		ldr	r0, .L6+88
 205              	.LBE23:
ARM GAS  C:\Users\atsu\AppData\Local\Temp\ccNIrBHN.s 			page 11


 206              	.LBE26:
 204:.\Generated_Source\PSoC4/cyfitter_cfg.c **** 	CY_SET_REG32((void CYXDATA *)(CYREG_CLK_IMO_TRIM1), (CY_GET_REG8((void *)CYREG_SFLASH_IMO_TRIM45))
 207              		.loc 1 204 0
 208 00a2 274B     		ldr	r3, .L6+92
 209              	.LBB27:
 210              	.LBB24:
 172:.\Generated_Source\PSoC4/cyfitter_cfg.c **** 	CY_SET_REG32((void *)CYREG_PWR_BG_TRIM5, setTmpCo);
 211              		.loc 1 172 0
 212 00a4 0160     		str	r1, [r0]
 213              	.LBE24:
 214              	.LBE27:
 204:.\Generated_Source\PSoC4/cyfitter_cfg.c **** 	CY_SET_REG32((void CYXDATA *)(CYREG_CLK_IMO_TRIM1), (CY_GET_REG8((void *)CYREG_SFLASH_IMO_TRIM45))
 215              		.loc 1 204 0
 216 00a6 2749     		ldr	r1, .L6+96
 205:.\Generated_Source\PSoC4/cyfitter_cfg.c **** 	CyDelayUs(5u);
 217              		.loc 1 205 0
 218 00a8 0520     		mov	r0, #5
 204:.\Generated_Source\PSoC4/cyfitter_cfg.c **** 	CY_SET_REG32((void CYXDATA *)(CYREG_CLK_IMO_TRIM1), (CY_GET_REG8((void *)CYREG_SFLASH_IMO_TRIM45))
 219              		.loc 1 204 0
 220 00aa 0A78     		ldrb	r2, [r1]
 221 00ac 1A60     		str	r2, [r3]
 205:.\Generated_Source\PSoC4/cyfitter_cfg.c **** 	CyDelayUs(5u);
 222              		.loc 1 205 0
 223 00ae FFF7FEFF 		bl	CyDelayUs
 224              	.LVL7:
 206:.\Generated_Source\PSoC4/cyfitter_cfg.c **** 	CY_SET_REG32((void CYXDATA *)(CYREG_CLK_IMO_TRIM2), (53u));
 225              		.loc 1 206 0
 226 00b2 2549     		ldr	r1, .L6+100
 227 00b4 3520     		mov	r0, #53
 228 00b6 0860     		str	r0, [r1]
 209:.\Generated_Source\PSoC4/cyfitter_cfg.c **** 	CY_SET_XTND_REG32((void CYFAR *)(CYREG_CLK_SELECT02), 0x00000020u);
 229              		.loc 1 209 0
 230 00b8 244B     		ldr	r3, .L6+104
 210:.\Generated_Source\PSoC4/cyfitter_cfg.c **** 	CY_SET_XTND_REG32((void CYFAR *)(CYREG_CLK_SELECT03), 0x00000010u);
 231              		.loc 1 210 0
 232 00ba 2549     		ldr	r1, .L6+108
 209:.\Generated_Source\PSoC4/cyfitter_cfg.c **** 	CY_SET_XTND_REG32((void CYFAR *)(CYREG_CLK_SELECT02), 0x00000020u);
 233              		.loc 1 209 0
 234 00bc 2022     		mov	r2, #32
 210:.\Generated_Source\PSoC4/cyfitter_cfg.c **** 	CY_SET_XTND_REG32((void CYFAR *)(CYREG_CLK_SELECT03), 0x00000010u);
 235              		.loc 1 210 0
 236 00be 1020     		mov	r0, #16
 209:.\Generated_Source\PSoC4/cyfitter_cfg.c **** 	CY_SET_XTND_REG32((void CYFAR *)(CYREG_CLK_SELECT02), 0x00000020u);
 237              		.loc 1 209 0
 238 00c0 1A60     		str	r2, [r3]
 210:.\Generated_Source\PSoC4/cyfitter_cfg.c **** 	CY_SET_XTND_REG32((void CYFAR *)(CYREG_CLK_SELECT03), 0x00000010u);
 239              		.loc 1 210 0
 240 00c2 0860     		str	r0, [r1]
 213:.\Generated_Source\PSoC4/cyfitter_cfg.c **** 	CY_SET_XTND_REG32((void CYFAR *)(CYREG_CLK_IMO_CONFIG), 0x80000000u);
 241              		.loc 1 213 0
 242 00c4 8022     		mov	r2, #128
 243 00c6 2348     		ldr	r0, .L6+112
 216:.\Generated_Source\PSoC4/cyfitter_cfg.c **** 	CY_SET_XTND_REG32((void CYFAR *)(CYREG_CLK_ILO_CONFIG), 0x80000000u);
 244              		.loc 1 216 0
 245 00c8 2349     		ldr	r1, .L6+116
 213:.\Generated_Source\PSoC4/cyfitter_cfg.c **** 	CY_SET_XTND_REG32((void CYFAR *)(CYREG_CLK_IMO_CONFIG), 0x80000000u);
 246              		.loc 1 213 0
ARM GAS  C:\Users\atsu\AppData\Local\Temp\ccNIrBHN.s 			page 12


 247 00ca 1306     		lsl	r3, r2, #24
 219:.\Generated_Source\PSoC4/cyfitter_cfg.c **** 	CY_SET_XTND_REG32((void CYFAR *)(CYREG_CLK_SELECT), 0x00040000u);
 248              		.loc 1 219 0
 249 00cc 8022     		mov	r2, #128
 213:.\Generated_Source\PSoC4/cyfitter_cfg.c **** 	CY_SET_XTND_REG32((void CYFAR *)(CYREG_CLK_IMO_CONFIG), 0x80000000u);
 250              		.loc 1 213 0
 251 00ce 0360     		str	r3, [r0]
 216:.\Generated_Source\PSoC4/cyfitter_cfg.c **** 	CY_SET_XTND_REG32((void CYFAR *)(CYREG_CLK_ILO_CONFIG), 0x80000000u);
 252              		.loc 1 216 0
 253 00d0 0B60     		str	r3, [r1]
 219:.\Generated_Source\PSoC4/cyfitter_cfg.c **** 	CY_SET_XTND_REG32((void CYFAR *)(CYREG_CLK_SELECT), 0x00040000u);
 254              		.loc 1 219 0
 255 00d2 D302     		lsl	r3, r2, #11
 256 00d4 2360     		str	r3, [r4]
 222:.\Generated_Source\PSoC4/cyfitter_cfg.c **** 	CY_SET_XTND_REG32((void CYFAR *)(CYREG_CLK_DIVIDER_A00), 0x80000001u);
 257              		.loc 1 222 0
 258 00d6 2148     		ldr	r0, .L6+120
 259 00d8 214C     		ldr	r4, .L6+124
 225:.\Generated_Source\PSoC4/cyfitter_cfg.c **** 	CY_SET_XTND_REG32((void CYFAR *)(CYREG_CLK_DIVIDER_B00), 0x800001A0u);
 260              		.loc 1 225 0
 261 00da 2249     		ldr	r1, .L6+128
 262 00dc 224A     		ldr	r2, .L6+132
 222:.\Generated_Source\PSoC4/cyfitter_cfg.c **** 	CY_SET_XTND_REG32((void CYFAR *)(CYREG_CLK_DIVIDER_A00), 0x80000001u);
 263              		.loc 1 222 0
 264 00de 0460     		str	r4, [r0]
 225:.\Generated_Source\PSoC4/cyfitter_cfg.c **** 	CY_SET_XTND_REG32((void CYFAR *)(CYREG_CLK_DIVIDER_B00), 0x800001A0u);
 265              		.loc 1 225 0
 266 00e0 1160     		str	r1, [r2]
 267              	.LBE29:
 268              	.LBE32:
 269              		.loc 1 336 0
 270 00e2 10BD     		pop	{r4, pc}
 271              	.L7:
 272              		.align	2
 273              	.L6:
 274 00e4 00300F40 		.word	1074737152
 275 00e8 00400F40 		.word	1074741248
 276 00ec 00000140 		.word	1073807360
 277 00f0 FFEE0000 		.word	61183
 278 00f4 0C000140 		.word	1073807372
 279 00f8 10000140 		.word	1073807376
 280 00fc 00000440 		.word	1074003968
 281 0100 08000440 		.word	1074003976
 282 0104 08030440 		.word	1074004744
 283 0108 00030440 		.word	1074004736
 284 010c 8E6D0000 		.word	28046
 285 0110 00040440 		.word	1074004992
 286 0114 08040440 		.word	1074005000
 287 0118 00500F40 		.word	1074745344
 288 011c 30500F40 		.word	1074745392
 289 0120 00700F40 		.word	1074753536
 290 0124 00010B40 		.word	1074462976
 291 0128 CCF1FF0F 		.word	268431820
 292 012c CDF1FF0F 		.word	268431821
 293 0130 C9F1FF0F 		.word	268431817
 294 0134 BDF1FF0F 		.word	268431805
 295 0138 1CFF0B40 		.word	1074528028
ARM GAS  C:\Users\atsu\AppData\Local\Temp\ccNIrBHN.s 			page 13


 296 013c 20FF0B40 		.word	1074528032
 297 0140 28FF0B40 		.word	1074528040
 298 0144 FDF1FF0F 		.word	268431869
 299 0148 2CFF0B40 		.word	1074528044
 300 014c 08020240 		.word	1073873416
 301 0150 0C020240 		.word	1073873420
 302 0154 08010B40 		.word	1074462984
 303 0158 04010B40 		.word	1074462980
 304 015c 00000240 		.word	1073872896
 305 0160 01000080 		.word	-2147483647
 306 0164 A0010080 		.word	-2147483232
 307 0168 40000240 		.word	1073872960
 308              		.cfi_endproc
 309              	.LFE6:
 310              		.size	cyfitter_cfg, .-cyfitter_cfg
 311              		.text
 312              	.Letext0:
 313              		.file 2 "c:\\program files (x86)\\cypress\\psoc creator\\3.0\\psoc creator\\import\\gnu_cs\\arm\\4
 314              		.file 3 "./Generated_Source/PSoC4/cytypes.h"
 315              		.file 4 "./Generated_Source/PSoC4/CyLib.h"
 316              		.section	.debug_info,"",%progbits
 317              	.Ldebug_info0:
 318 0000 94030000 		.4byte	0x394
 319 0004 0200     		.2byte	0x2
 320 0006 00000000 		.4byte	.Ldebug_abbrev0
 321 000a 04       		.byte	0x4
 322 000b 01       		.uleb128 0x1
 323 000c 19020000 		.4byte	.LASF40
 324 0010 01       		.byte	0x1
 325 0011 AE010000 		.4byte	.LASF41
 326 0015 6D000000 		.4byte	.LASF42
 327 0019 88000000 		.4byte	.Ldebug_ranges0+0x88
 328 001d 00000000 		.4byte	0
 329 0021 00000000 		.4byte	0
 330 0025 00000000 		.4byte	.Ldebug_line0
 331 0029 02       		.uleb128 0x2
 332 002a 01       		.byte	0x1
 333 002b 06       		.byte	0x6
 334 002c 89020000 		.4byte	.LASF0
 335 0030 02       		.uleb128 0x2
 336 0031 01       		.byte	0x1
 337 0032 08       		.byte	0x8
 338 0033 09010000 		.4byte	.LASF1
 339 0037 02       		.uleb128 0x2
 340 0038 02       		.byte	0x2
 341 0039 05       		.byte	0x5
 342 003a 63000000 		.4byte	.LASF2
 343 003e 02       		.uleb128 0x2
 344 003f 02       		.byte	0x2
 345 0040 07       		.byte	0x7
 346 0041 50000000 		.4byte	.LASF3
 347 0045 03       		.uleb128 0x3
 348 0046 04       		.byte	0x4
 349 0047 05       		.byte	0x5
 350 0048 696E7400 		.ascii	"int\000"
 351 004c 02       		.uleb128 0x2
 352 004d 04       		.byte	0x4
ARM GAS  C:\Users\atsu\AppData\Local\Temp\ccNIrBHN.s 			page 14


 353 004e 07       		.byte	0x7
 354 004f 57010000 		.4byte	.LASF4
 355 0053 02       		.uleb128 0x2
 356 0054 08       		.byte	0x8
 357 0055 05       		.byte	0x5
 358 0056 E8010000 		.4byte	.LASF5
 359 005a 02       		.uleb128 0x2
 360 005b 08       		.byte	0x8
 361 005c 07       		.byte	0x7
 362 005d 79010000 		.4byte	.LASF6
 363 0061 02       		.uleb128 0x2
 364 0062 04       		.byte	0x4
 365 0063 05       		.byte	0x5
 366 0064 71020000 		.4byte	.LASF7
 367 0068 02       		.uleb128 0x2
 368 0069 04       		.byte	0x4
 369 006a 07       		.byte	0x7
 370 006b D6010000 		.4byte	.LASF8
 371 006f 04       		.uleb128 0x4
 372 0070 04       		.byte	0x4
 373 0071 02       		.uleb128 0x2
 374 0072 04       		.byte	0x4
 375 0073 07       		.byte	0x7
 376 0074 E7000000 		.4byte	.LASF9
 377 0078 02       		.uleb128 0x2
 378 0079 01       		.byte	0x1
 379 007a 08       		.byte	0x8
 380 007b 00020000 		.4byte	.LASF10
 381 007f 05       		.uleb128 0x5
 382 0080 06000000 		.4byte	.LASF11
 383 0084 02       		.byte	0x2
 384 0085 D5       		.byte	0xd5
 385 0086 4C000000 		.4byte	0x4c
 386 008a 05       		.uleb128 0x5
 387 008b 13020000 		.4byte	.LASF12
 388 008f 03       		.byte	0x3
 389 0090 5B       		.byte	0x5b
 390 0091 30000000 		.4byte	0x30
 391 0095 05       		.uleb128 0x5
 392 0096 49010000 		.4byte	.LASF13
 393 009a 03       		.byte	0x3
 394 009b 5C       		.byte	0x5c
 395 009c 3E000000 		.4byte	0x3e
 396 00a0 05       		.uleb128 0x5
 397 00a1 50010000 		.4byte	.LASF14
 398 00a5 03       		.byte	0x3
 399 00a6 5D       		.byte	0x5d
 400 00a7 71000000 		.4byte	0x71
 401 00ab 05       		.uleb128 0x5
 402 00ac F9000000 		.4byte	.LASF15
 403 00b0 03       		.byte	0x3
 404 00b1 60       		.byte	0x60
 405 00b2 61000000 		.4byte	0x61
 406 00b6 02       		.uleb128 0x2
 407 00b7 04       		.byte	0x4
 408 00b8 04       		.byte	0x4
 409 00b9 CA000000 		.4byte	.LASF16
ARM GAS  C:\Users\atsu\AppData\Local\Temp\ccNIrBHN.s 			page 15


 410 00bd 02       		.uleb128 0x2
 411 00be 08       		.byte	0x8
 412 00bf 04       		.byte	0x4
 413 00c0 1E010000 		.4byte	.LASF17
 414 00c4 05       		.uleb128 0x5
 415 00c5 E2000000 		.4byte	.LASF18
 416 00c9 03       		.byte	0x3
 417 00ca F0       		.byte	0xf0
 418 00cb CF000000 		.4byte	0xcf
 419 00cf 06       		.uleb128 0x6
 420 00d0 8A000000 		.4byte	0x8a
 421 00d4 05       		.uleb128 0x5
 422 00d5 00000000 		.4byte	.LASF19
 423 00d9 03       		.byte	0x3
 424 00da F2       		.byte	0xf2
 425 00db DF000000 		.4byte	0xdf
 426 00df 06       		.uleb128 0x6
 427 00e0 A0000000 		.4byte	0xa0
 428 00e4 07       		.uleb128 0x7
 429 00e5 0D000000 		.4byte	.LASF34
 430 00e9 01       		.byte	0x1
 431 00ea F9       		.byte	0xf9
 432 00eb 01       		.byte	0x1
 433 00ec 01       		.byte	0x1
 434 00ed 08       		.uleb128 0x8
 435 00ee BC000000 		.4byte	.LASF31
 436 00f2 01       		.byte	0x1
 437 00f3 8C       		.byte	0x8c
 438 00f4 01       		.byte	0x1
 439 00f5 01       		.byte	0x1
 440 00f6 C2010000 		.4byte	0x1c2
 441 00fa 09       		.uleb128 0x9
 442 00fb 25010000 		.4byte	.LASF33
 443 00ff 01       		.byte	0x1
 444 0100 8C       		.byte	0x8c
 445 0101 8A000000 		.4byte	0x8a
 446 0105 0A       		.uleb128 0xa
 447 0106 03       		.byte	0x3
 448 0107 01       		.byte	0x1
 449 0108 8E       		.byte	0x8e
 450 0109 38010000 		.4byte	0x138
 451 010d 0B       		.uleb128 0xb
 452 010e 0E020000 		.4byte	.LASF20
 453 0112 01       		.byte	0x1
 454 0113 8F       		.byte	0x8f
 455 0114 8A000000 		.4byte	0x8a
 456 0118 02       		.byte	0x2
 457 0119 23       		.byte	0x23
 458 011a 00       		.uleb128 0
 459 011b 0B       		.uleb128 0xb
 460 011c 05020000 		.4byte	.LASF21
 461 0120 01       		.byte	0x1
 462 0121 90       		.byte	0x90
 463 0122 8A000000 		.4byte	0x8a
 464 0126 02       		.byte	0x2
 465 0127 23       		.byte	0x23
 466 0128 01       		.uleb128 0x1
ARM GAS  C:\Users\atsu\AppData\Local\Temp\ccNIrBHN.s 			page 16


 467 0129 0B       		.uleb128 0xb
 468 012a 4A000000 		.4byte	.LASF22
 469 012e 01       		.byte	0x1
 470 012f 91       		.byte	0x91
 471 0130 8A000000 		.4byte	0x8a
 472 0134 02       		.byte	0x2
 473 0135 23       		.byte	0x23
 474 0136 02       		.uleb128 0x2
 475 0137 00       		.byte	0
 476 0138 05       		.uleb128 0x5
 477 0139 1E000000 		.4byte	.LASF23
 478 013d 01       		.byte	0x1
 479 013e 92       		.byte	0x92
 480 013f 05010000 		.4byte	0x105
 481 0143 0A       		.uleb128 0xa
 482 0144 0C       		.byte	0xc
 483 0145 01       		.byte	0x1
 484 0146 94       		.byte	0x94
 485 0147 6A010000 		.4byte	0x16a
 486 014b 0C       		.uleb128 0xc
 487 014c 38010000 		.4byte	0x138
 488 0150 5B010000 		.4byte	0x15b
 489 0154 0D       		.uleb128 0xd
 490 0155 68000000 		.4byte	0x68
 491 0159 03       		.byte	0x3
 492 015a 00       		.byte	0
 493 015b 0B       		.uleb128 0xb
 494 015c 7A020000 		.4byte	.LASF24
 495 0160 01       		.byte	0x1
 496 0161 95       		.byte	0x95
 497 0162 4B010000 		.4byte	0x14b
 498 0166 02       		.byte	0x2
 499 0167 23       		.byte	0x23
 500 0168 00       		.uleb128 0
 501 0169 00       		.byte	0
 502 016a 05       		.uleb128 0x5
 503 016b 90010000 		.4byte	.LASF25
 504 016f 01       		.byte	0x1
 505 0170 96       		.byte	0x96
 506 0171 43010000 		.4byte	0x143
 507 0175 0E       		.uleb128 0xe
 508 0176 62020000 		.4byte	.LASF26
 509 017a 01       		.byte	0x1
 510 017b 98       		.byte	0x98
 511 017c 84010000 		.4byte	0x184
 512 0180 C0F1FF0F 		.4byte	0xffff1c0
 513 0184 0F       		.uleb128 0xf
 514 0185 89010000 		.4byte	0x189
 515 0189 10       		.uleb128 0x10
 516 018a 04       		.byte	0x4
 517 018b 8F010000 		.4byte	0x18f
 518 018f 0F       		.uleb128 0xf
 519 0190 6A010000 		.4byte	0x16a
 520 0194 11       		.uleb128 0x11
 521 0195 2D010000 		.4byte	.LASF27
 522 0199 01       		.byte	0x1
 523 019a 99       		.byte	0x99
ARM GAS  C:\Users\atsu\AppData\Local\Temp\ccNIrBHN.s 			page 17


 524 019b C2010000 		.4byte	0x1c2
 525 019f 04       		.byte	0x4
 526 01a0 12       		.uleb128 0x12
 527 01a1 D0000000 		.4byte	.LASF28
 528 01a5 01       		.byte	0x1
 529 01a6 9B       		.byte	0x9b
 530 01a7 AB000000 		.4byte	0xab
 531 01ab 12       		.uleb128 0x12
 532 01ac 82020000 		.4byte	.LASF29
 533 01b0 01       		.byte	0x1
 534 01b1 9C       		.byte	0x9c
 535 01b2 8A000000 		.4byte	0x8a
 536 01b6 12       		.uleb128 0x12
 537 01b7 DF010000 		.4byte	.LASF30
 538 01bb 01       		.byte	0x1
 539 01bc 9D       		.byte	0x9d
 540 01bd 8A000000 		.4byte	0x8a
 541 01c1 00       		.byte	0
 542 01c2 0F       		.uleb128 0xf
 543 01c3 A0000000 		.4byte	0xa0
 544 01c7 08       		.uleb128 0x8
 545 01c8 FF000000 		.4byte	.LASF32
 546 01cc 01       		.byte	0x1
 547 01cd 39       		.byte	0x39
 548 01ce 01       		.byte	0x1
 549 01cf 01       		.byte	0x1
 550 01d0 E7010000 		.4byte	0x1e7
 551 01d4 13       		.uleb128 0x13
 552 01d5 7300     		.ascii	"s\000"
 553 01d7 01       		.byte	0x1
 554 01d8 39       		.byte	0x39
 555 01d9 6F000000 		.4byte	0x6f
 556 01dd 13       		.uleb128 0x13
 557 01de 6E00     		.ascii	"n\000"
 558 01e0 01       		.byte	0x1
 559 01e1 39       		.byte	0x39
 560 01e2 7F000000 		.4byte	0x7f
 561 01e6 00       		.byte	0
 562 01e7 07       		.uleb128 0x7
 563 01e8 3F000000 		.4byte	.LASF35
 564 01ec 01       		.byte	0x1
 565 01ed C3       		.byte	0xc3
 566 01ee 01       		.byte	0x1
 567 01ef 01       		.byte	0x1
 568 01f0 14       		.uleb128 0x14
 569 01f1 01       		.byte	0x1
 570 01f2 64010000 		.4byte	.LASF43
 571 01f6 01       		.byte	0x1
 572 01f7 1101     		.2byte	0x111
 573 01f9 01       		.byte	0x1
 574 01fa 00000000 		.4byte	.LFB6
 575 01fe 6C010000 		.4byte	.LFE6
 576 0202 00000000 		.4byte	.LLST0
 577 0206 01       		.byte	0x1
 578 0207 66030000 		.4byte	0x366
 579 020b 15       		.uleb128 0x15
 580 020c 00000000 		.4byte	.Ldebug_ranges0+0
ARM GAS  C:\Users\atsu\AppData\Local\Temp\ccNIrBHN.s 			page 18


 581 0210 FB020000 		.4byte	0x2fb
 582 0214 16       		.uleb128 0x16
 583 0215 06       		.byte	0x6
 584 0216 01       		.byte	0x1
 585 0217 1801     		.2byte	0x118
 586 0219 3C020000 		.4byte	0x23c
 587 021d 17       		.uleb128 0x17
 588 021e 71010000 		.4byte	.LASF36
 589 0222 01       		.byte	0x1
 590 0223 1901     		.2byte	0x119
 591 0225 6F000000 		.4byte	0x6f
 592 0229 02       		.byte	0x2
 593 022a 23       		.byte	0x23
 594 022b 00       		.uleb128 0
 595 022c 17       		.uleb128 0x17
 596 022d DD000000 		.4byte	.LASF37
 597 0231 01       		.byte	0x1
 598 0232 1A01     		.2byte	0x11a
 599 0234 95000000 		.4byte	0x95
 600 0238 02       		.byte	0x2
 601 0239 23       		.byte	0x23
 602 023a 04       		.uleb128 0x4
 603 023b 00       		.byte	0
 604 023c 18       		.uleb128 0x18
 605 023d A1010000 		.4byte	.LASF38
 606 0241 01       		.byte	0x1
 607 0242 1B01     		.2byte	0x11b
 608 0244 14020000 		.4byte	0x214
 609 0248 0C       		.uleb128 0xc
 610 0249 3C020000 		.4byte	0x23c
 611 024d 58020000 		.4byte	0x258
 612 0251 0D       		.uleb128 0xd
 613 0252 68000000 		.4byte	0x68
 614 0256 01       		.byte	0x1
 615 0257 00       		.byte	0
 616 0258 19       		.uleb128 0x19
 617 0259 2F000000 		.4byte	.LASF39
 618 025d 01       		.byte	0x1
 619 025e 1D01     		.2byte	0x11d
 620 0260 64020000 		.4byte	0x264
 621 0264 0F       		.uleb128 0xf
 622 0265 48020000 		.4byte	0x248
 623 0269 1A       		.uleb128 0x1a
 624 026a 6900     		.ascii	"i\000"
 625 026c 01       		.byte	0x1
 626 026d 2301     		.2byte	0x123
 627 026f 8A000000 		.4byte	0x8a
 628 0273 20000000 		.4byte	.LLST1
 629 0277 1B       		.uleb128 0x1b
 630 0278 04000000 		.4byte	.LBB15
 631 027c 1C000000 		.4byte	.LBE15
 632 0280 1C       		.uleb128 0x1c
 633 0281 6D7300   		.ascii	"ms\000"
 634 0284 01       		.byte	0x1
 635 0285 2801     		.2byte	0x128
 636 0287 8B020000 		.4byte	0x28b
 637 028b 10       		.uleb128 0x10
ARM GAS  C:\Users\atsu\AppData\Local\Temp\ccNIrBHN.s 			page 19


 638 028c 04       		.byte	0x4
 639 028d 91020000 		.4byte	0x291
 640 0291 0F       		.uleb128 0xf
 641 0292 3C020000 		.4byte	0x23c
 642 0296 1D       		.uleb128 0x1d
 643 0297 C7010000 		.4byte	0x1c7
 644 029b 04000000 		.4byte	.LBB16
 645 029f 1C000000 		.4byte	.LBE16
 646 02a3 01       		.byte	0x1
 647 02a4 2901     		.2byte	0x129
 648 02a6 1E       		.uleb128 0x1e
 649 02a7 DD010000 		.4byte	0x1dd
 650 02ab 0004     		.2byte	0x400
 651 02ad 1F       		.uleb128 0x1f
 652 02ae D4010000 		.4byte	0x1d4
 653 02b2 4C000000 		.4byte	.LLST3
 654 02b6 20       		.uleb128 0x20
 655 02b7 10000000 		.4byte	.LVL1
 656 02bb 66030000 		.4byte	0x366
 657 02bf D9020000 		.4byte	0x2d9
 658 02c3 21       		.uleb128 0x21
 659 02c4 01       		.byte	0x1
 660 02c5 52       		.byte	0x52
 661 02c6 03       		.byte	0x3
 662 02c7 0A       		.byte	0xa
 663 02c8 0004     		.2byte	0x400
 664 02ca 21       		.uleb128 0x21
 665 02cb 01       		.byte	0x1
 666 02cc 51       		.byte	0x51
 667 02cd 01       		.byte	0x1
 668 02ce 30       		.byte	0x30
 669 02cf 21       		.uleb128 0x21
 670 02d0 01       		.byte	0x1
 671 02d1 50       		.byte	0x50
 672 02d2 05       		.byte	0x5
 673 02d3 0C       		.byte	0xc
 674 02d4 00300F40 		.4byte	0x400f3000
 675 02d8 00       		.byte	0
 676 02d9 22       		.uleb128 0x22
 677 02da 1C000000 		.4byte	.LVL2
 678 02de 66030000 		.4byte	0x366
 679 02e2 21       		.uleb128 0x21
 680 02e3 01       		.byte	0x1
 681 02e4 52       		.byte	0x52
 682 02e5 03       		.byte	0x3
 683 02e6 0A       		.byte	0xa
 684 02e7 0004     		.2byte	0x400
 685 02e9 21       		.uleb128 0x21
 686 02ea 01       		.byte	0x1
 687 02eb 51       		.byte	0x51
 688 02ec 01       		.byte	0x1
 689 02ed 30       		.byte	0x30
 690 02ee 21       		.uleb128 0x21
 691 02ef 01       		.byte	0x1
 692 02f0 50       		.byte	0x50
 693 02f1 05       		.byte	0x5
 694 02f2 0C       		.byte	0xc
ARM GAS  C:\Users\atsu\AppData\Local\Temp\ccNIrBHN.s 			page 20


 695 02f3 00400F40 		.4byte	0x400f4000
 696 02f7 00       		.byte	0
 697 02f8 00       		.byte	0
 698 02f9 00       		.byte	0
 699 02fa 00       		.byte	0
 700 02fb 23       		.uleb128 0x23
 701 02fc E7010000 		.4byte	0x1e7
 702 0300 6E000000 		.4byte	.LBB18
 703 0304 18000000 		.4byte	.Ldebug_ranges0+0x18
 704 0308 01       		.byte	0x1
 705 0309 4B01     		.2byte	0x14b
 706 030b 24       		.uleb128 0x24
 707 030c ED000000 		.4byte	0xed
 708 0310 7C000000 		.4byte	.LBB20
 709 0314 38000000 		.4byte	.Ldebug_ranges0+0x38
 710 0318 01       		.byte	0x1
 711 0319 C9       		.byte	0xc9
 712 031a 55030000 		.4byte	0x355
 713 031e 25       		.uleb128 0x25
 714 031f 60000000 		.4byte	.Ldebug_ranges0+0x60
 715 0323 26       		.uleb128 0x26
 716 0324 A0010000 		.4byte	0x1a0
 717 0328 74000000 		.4byte	.LLST4
 718 032c 26       		.uleb128 0x26
 719 032d AB010000 		.4byte	0x1ab
 720 0331 88000000 		.4byte	.LLST5
 721 0335 26       		.uleb128 0x26
 722 0336 B6010000 		.4byte	0x1b6
 723 033a 9B000000 		.4byte	.LLST6
 724 033e 27       		.uleb128 0x27
 725 033f FA000000 		.4byte	0xfa
 726 0343 30       		.byte	0x30
 727 0344 28       		.uleb128 0x28
 728 0345 75010000 		.4byte	0x175
 729 0349 C0F1FF0F 		.4byte	0xffff1c0
 730 034d 29       		.uleb128 0x29
 731 034e 94010000 		.4byte	0x194
 732 0352 04       		.byte	0x4
 733 0353 00       		.byte	0
 734 0354 00       		.byte	0
 735 0355 22       		.uleb128 0x22
 736 0356 B2000000 		.4byte	.LVL7
 737 035a 87030000 		.4byte	0x387
 738 035e 21       		.uleb128 0x21
 739 035f 01       		.byte	0x1
 740 0360 50       		.byte	0x50
 741 0361 01       		.byte	0x1
 742 0362 35       		.byte	0x35
 743 0363 00       		.byte	0
 744 0364 00       		.byte	0
 745 0365 00       		.byte	0
 746 0366 2A       		.uleb128 0x2a
 747 0367 01       		.byte	0x1
 748 0368 17010000 		.4byte	.LASF44
 749 036c 01       		.byte	0x1
 750 036d 6F000000 		.4byte	0x6f
 751 0371 01       		.byte	0x1
ARM GAS  C:\Users\atsu\AppData\Local\Temp\ccNIrBHN.s 			page 21


 752 0372 01       		.byte	0x1
 753 0373 87030000 		.4byte	0x387
 754 0377 2B       		.uleb128 0x2b
 755 0378 6F000000 		.4byte	0x6f
 756 037c 2B       		.uleb128 0x2b
 757 037d 45000000 		.4byte	0x45
 758 0381 2B       		.uleb128 0x2b
 759 0382 68000000 		.4byte	0x68
 760 0386 00       		.byte	0
 761 0387 2C       		.uleb128 0x2c
 762 0388 01       		.byte	0x1
 763 0389 F6010000 		.4byte	.LASF45
 764 038d 04       		.byte	0x4
 765 038e 6A       		.byte	0x6a
 766 038f 01       		.byte	0x1
 767 0390 01       		.byte	0x1
 768 0391 2B       		.uleb128 0x2b
 769 0392 95000000 		.4byte	0x95
 770 0396 00       		.byte	0
 771 0397 00       		.byte	0
 772              		.section	.debug_abbrev,"",%progbits
 773              	.Ldebug_abbrev0:
 774 0000 01       		.uleb128 0x1
 775 0001 11       		.uleb128 0x11
 776 0002 01       		.byte	0x1
 777 0003 25       		.uleb128 0x25
 778 0004 0E       		.uleb128 0xe
 779 0005 13       		.uleb128 0x13
 780 0006 0B       		.uleb128 0xb
 781 0007 03       		.uleb128 0x3
 782 0008 0E       		.uleb128 0xe
 783 0009 1B       		.uleb128 0x1b
 784 000a 0E       		.uleb128 0xe
 785 000b 55       		.uleb128 0x55
 786 000c 06       		.uleb128 0x6
 787 000d 11       		.uleb128 0x11
 788 000e 01       		.uleb128 0x1
 789 000f 52       		.uleb128 0x52
 790 0010 01       		.uleb128 0x1
 791 0011 10       		.uleb128 0x10
 792 0012 06       		.uleb128 0x6
 793 0013 00       		.byte	0
 794 0014 00       		.byte	0
 795 0015 02       		.uleb128 0x2
 796 0016 24       		.uleb128 0x24
 797 0017 00       		.byte	0
 798 0018 0B       		.uleb128 0xb
 799 0019 0B       		.uleb128 0xb
 800 001a 3E       		.uleb128 0x3e
 801 001b 0B       		.uleb128 0xb
 802 001c 03       		.uleb128 0x3
 803 001d 0E       		.uleb128 0xe
 804 001e 00       		.byte	0
 805 001f 00       		.byte	0
 806 0020 03       		.uleb128 0x3
 807 0021 24       		.uleb128 0x24
 808 0022 00       		.byte	0
ARM GAS  C:\Users\atsu\AppData\Local\Temp\ccNIrBHN.s 			page 22


 809 0023 0B       		.uleb128 0xb
 810 0024 0B       		.uleb128 0xb
 811 0025 3E       		.uleb128 0x3e
 812 0026 0B       		.uleb128 0xb
 813 0027 03       		.uleb128 0x3
 814 0028 08       		.uleb128 0x8
 815 0029 00       		.byte	0
 816 002a 00       		.byte	0
 817 002b 04       		.uleb128 0x4
 818 002c 0F       		.uleb128 0xf
 819 002d 00       		.byte	0
 820 002e 0B       		.uleb128 0xb
 821 002f 0B       		.uleb128 0xb
 822 0030 00       		.byte	0
 823 0031 00       		.byte	0
 824 0032 05       		.uleb128 0x5
 825 0033 16       		.uleb128 0x16
 826 0034 00       		.byte	0
 827 0035 03       		.uleb128 0x3
 828 0036 0E       		.uleb128 0xe
 829 0037 3A       		.uleb128 0x3a
 830 0038 0B       		.uleb128 0xb
 831 0039 3B       		.uleb128 0x3b
 832 003a 0B       		.uleb128 0xb
 833 003b 49       		.uleb128 0x49
 834 003c 13       		.uleb128 0x13
 835 003d 00       		.byte	0
 836 003e 00       		.byte	0
 837 003f 06       		.uleb128 0x6
 838 0040 35       		.uleb128 0x35
 839 0041 00       		.byte	0
 840 0042 49       		.uleb128 0x49
 841 0043 13       		.uleb128 0x13
 842 0044 00       		.byte	0
 843 0045 00       		.byte	0
 844 0046 07       		.uleb128 0x7
 845 0047 2E       		.uleb128 0x2e
 846 0048 00       		.byte	0
 847 0049 03       		.uleb128 0x3
 848 004a 0E       		.uleb128 0xe
 849 004b 3A       		.uleb128 0x3a
 850 004c 0B       		.uleb128 0xb
 851 004d 3B       		.uleb128 0x3b
 852 004e 0B       		.uleb128 0xb
 853 004f 27       		.uleb128 0x27
 854 0050 0C       		.uleb128 0xc
 855 0051 20       		.uleb128 0x20
 856 0052 0B       		.uleb128 0xb
 857 0053 00       		.byte	0
 858 0054 00       		.byte	0
 859 0055 08       		.uleb128 0x8
 860 0056 2E       		.uleb128 0x2e
 861 0057 01       		.byte	0x1
 862 0058 03       		.uleb128 0x3
 863 0059 0E       		.uleb128 0xe
 864 005a 3A       		.uleb128 0x3a
 865 005b 0B       		.uleb128 0xb
ARM GAS  C:\Users\atsu\AppData\Local\Temp\ccNIrBHN.s 			page 23


 866 005c 3B       		.uleb128 0x3b
 867 005d 0B       		.uleb128 0xb
 868 005e 27       		.uleb128 0x27
 869 005f 0C       		.uleb128 0xc
 870 0060 20       		.uleb128 0x20
 871 0061 0B       		.uleb128 0xb
 872 0062 01       		.uleb128 0x1
 873 0063 13       		.uleb128 0x13
 874 0064 00       		.byte	0
 875 0065 00       		.byte	0
 876 0066 09       		.uleb128 0x9
 877 0067 05       		.uleb128 0x5
 878 0068 00       		.byte	0
 879 0069 03       		.uleb128 0x3
 880 006a 0E       		.uleb128 0xe
 881 006b 3A       		.uleb128 0x3a
 882 006c 0B       		.uleb128 0xb
 883 006d 3B       		.uleb128 0x3b
 884 006e 0B       		.uleb128 0xb
 885 006f 49       		.uleb128 0x49
 886 0070 13       		.uleb128 0x13
 887 0071 00       		.byte	0
 888 0072 00       		.byte	0
 889 0073 0A       		.uleb128 0xa
 890 0074 13       		.uleb128 0x13
 891 0075 01       		.byte	0x1
 892 0076 0B       		.uleb128 0xb
 893 0077 0B       		.uleb128 0xb
 894 0078 3A       		.uleb128 0x3a
 895 0079 0B       		.uleb128 0xb
 896 007a 3B       		.uleb128 0x3b
 897 007b 0B       		.uleb128 0xb
 898 007c 01       		.uleb128 0x1
 899 007d 13       		.uleb128 0x13
 900 007e 00       		.byte	0
 901 007f 00       		.byte	0
 902 0080 0B       		.uleb128 0xb
 903 0081 0D       		.uleb128 0xd
 904 0082 00       		.byte	0
 905 0083 03       		.uleb128 0x3
 906 0084 0E       		.uleb128 0xe
 907 0085 3A       		.uleb128 0x3a
 908 0086 0B       		.uleb128 0xb
 909 0087 3B       		.uleb128 0x3b
 910 0088 0B       		.uleb128 0xb
 911 0089 49       		.uleb128 0x49
 912 008a 13       		.uleb128 0x13
 913 008b 38       		.uleb128 0x38
 914 008c 0A       		.uleb128 0xa
 915 008d 00       		.byte	0
 916 008e 00       		.byte	0
 917 008f 0C       		.uleb128 0xc
 918 0090 01       		.uleb128 0x1
 919 0091 01       		.byte	0x1
 920 0092 49       		.uleb128 0x49
 921 0093 13       		.uleb128 0x13
 922 0094 01       		.uleb128 0x1
ARM GAS  C:\Users\atsu\AppData\Local\Temp\ccNIrBHN.s 			page 24


 923 0095 13       		.uleb128 0x13
 924 0096 00       		.byte	0
 925 0097 00       		.byte	0
 926 0098 0D       		.uleb128 0xd
 927 0099 21       		.uleb128 0x21
 928 009a 00       		.byte	0
 929 009b 49       		.uleb128 0x49
 930 009c 13       		.uleb128 0x13
 931 009d 2F       		.uleb128 0x2f
 932 009e 0B       		.uleb128 0xb
 933 009f 00       		.byte	0
 934 00a0 00       		.byte	0
 935 00a1 0E       		.uleb128 0xe
 936 00a2 34       		.uleb128 0x34
 937 00a3 00       		.byte	0
 938 00a4 03       		.uleb128 0x3
 939 00a5 0E       		.uleb128 0xe
 940 00a6 3A       		.uleb128 0x3a
 941 00a7 0B       		.uleb128 0xb
 942 00a8 3B       		.uleb128 0x3b
 943 00a9 0B       		.uleb128 0xb
 944 00aa 49       		.uleb128 0x49
 945 00ab 13       		.uleb128 0x13
 946 00ac 1C       		.uleb128 0x1c
 947 00ad 06       		.uleb128 0x6
 948 00ae 00       		.byte	0
 949 00af 00       		.byte	0
 950 00b0 0F       		.uleb128 0xf
 951 00b1 26       		.uleb128 0x26
 952 00b2 00       		.byte	0
 953 00b3 49       		.uleb128 0x49
 954 00b4 13       		.uleb128 0x13
 955 00b5 00       		.byte	0
 956 00b6 00       		.byte	0
 957 00b7 10       		.uleb128 0x10
 958 00b8 0F       		.uleb128 0xf
 959 00b9 00       		.byte	0
 960 00ba 0B       		.uleb128 0xb
 961 00bb 0B       		.uleb128 0xb
 962 00bc 49       		.uleb128 0x49
 963 00bd 13       		.uleb128 0x13
 964 00be 00       		.byte	0
 965 00bf 00       		.byte	0
 966 00c0 11       		.uleb128 0x11
 967 00c1 34       		.uleb128 0x34
 968 00c2 00       		.byte	0
 969 00c3 03       		.uleb128 0x3
 970 00c4 0E       		.uleb128 0xe
 971 00c5 3A       		.uleb128 0x3a
 972 00c6 0B       		.uleb128 0xb
 973 00c7 3B       		.uleb128 0x3b
 974 00c8 0B       		.uleb128 0xb
 975 00c9 49       		.uleb128 0x49
 976 00ca 13       		.uleb128 0x13
 977 00cb 1C       		.uleb128 0x1c
 978 00cc 0B       		.uleb128 0xb
 979 00cd 00       		.byte	0
ARM GAS  C:\Users\atsu\AppData\Local\Temp\ccNIrBHN.s 			page 25


 980 00ce 00       		.byte	0
 981 00cf 12       		.uleb128 0x12
 982 00d0 34       		.uleb128 0x34
 983 00d1 00       		.byte	0
 984 00d2 03       		.uleb128 0x3
 985 00d3 0E       		.uleb128 0xe
 986 00d4 3A       		.uleb128 0x3a
 987 00d5 0B       		.uleb128 0xb
 988 00d6 3B       		.uleb128 0x3b
 989 00d7 0B       		.uleb128 0xb
 990 00d8 49       		.uleb128 0x49
 991 00d9 13       		.uleb128 0x13
 992 00da 00       		.byte	0
 993 00db 00       		.byte	0
 994 00dc 13       		.uleb128 0x13
 995 00dd 05       		.uleb128 0x5
 996 00de 00       		.byte	0
 997 00df 03       		.uleb128 0x3
 998 00e0 08       		.uleb128 0x8
 999 00e1 3A       		.uleb128 0x3a
 1000 00e2 0B       		.uleb128 0xb
 1001 00e3 3B       		.uleb128 0x3b
 1002 00e4 0B       		.uleb128 0xb
 1003 00e5 49       		.uleb128 0x49
 1004 00e6 13       		.uleb128 0x13
 1005 00e7 00       		.byte	0
 1006 00e8 00       		.byte	0
 1007 00e9 14       		.uleb128 0x14
 1008 00ea 2E       		.uleb128 0x2e
 1009 00eb 01       		.byte	0x1
 1010 00ec 3F       		.uleb128 0x3f
 1011 00ed 0C       		.uleb128 0xc
 1012 00ee 03       		.uleb128 0x3
 1013 00ef 0E       		.uleb128 0xe
 1014 00f0 3A       		.uleb128 0x3a
 1015 00f1 0B       		.uleb128 0xb
 1016 00f2 3B       		.uleb128 0x3b
 1017 00f3 05       		.uleb128 0x5
 1018 00f4 27       		.uleb128 0x27
 1019 00f5 0C       		.uleb128 0xc
 1020 00f6 11       		.uleb128 0x11
 1021 00f7 01       		.uleb128 0x1
 1022 00f8 12       		.uleb128 0x12
 1023 00f9 01       		.uleb128 0x1
 1024 00fa 40       		.uleb128 0x40
 1025 00fb 06       		.uleb128 0x6
 1026 00fc 9742     		.uleb128 0x2117
 1027 00fe 0C       		.uleb128 0xc
 1028 00ff 01       		.uleb128 0x1
 1029 0100 13       		.uleb128 0x13
 1030 0101 00       		.byte	0
 1031 0102 00       		.byte	0
 1032 0103 15       		.uleb128 0x15
 1033 0104 0B       		.uleb128 0xb
 1034 0105 01       		.byte	0x1
 1035 0106 55       		.uleb128 0x55
 1036 0107 06       		.uleb128 0x6
ARM GAS  C:\Users\atsu\AppData\Local\Temp\ccNIrBHN.s 			page 26


 1037 0108 01       		.uleb128 0x1
 1038 0109 13       		.uleb128 0x13
 1039 010a 00       		.byte	0
 1040 010b 00       		.byte	0
 1041 010c 16       		.uleb128 0x16
 1042 010d 13       		.uleb128 0x13
 1043 010e 01       		.byte	0x1
 1044 010f 0B       		.uleb128 0xb
 1045 0110 0B       		.uleb128 0xb
 1046 0111 3A       		.uleb128 0x3a
 1047 0112 0B       		.uleb128 0xb
 1048 0113 3B       		.uleb128 0x3b
 1049 0114 05       		.uleb128 0x5
 1050 0115 01       		.uleb128 0x1
 1051 0116 13       		.uleb128 0x13
 1052 0117 00       		.byte	0
 1053 0118 00       		.byte	0
 1054 0119 17       		.uleb128 0x17
 1055 011a 0D       		.uleb128 0xd
 1056 011b 00       		.byte	0
 1057 011c 03       		.uleb128 0x3
 1058 011d 0E       		.uleb128 0xe
 1059 011e 3A       		.uleb128 0x3a
 1060 011f 0B       		.uleb128 0xb
 1061 0120 3B       		.uleb128 0x3b
 1062 0121 05       		.uleb128 0x5
 1063 0122 49       		.uleb128 0x49
 1064 0123 13       		.uleb128 0x13
 1065 0124 38       		.uleb128 0x38
 1066 0125 0A       		.uleb128 0xa
 1067 0126 00       		.byte	0
 1068 0127 00       		.byte	0
 1069 0128 18       		.uleb128 0x18
 1070 0129 16       		.uleb128 0x16
 1071 012a 00       		.byte	0
 1072 012b 03       		.uleb128 0x3
 1073 012c 0E       		.uleb128 0xe
 1074 012d 3A       		.uleb128 0x3a
 1075 012e 0B       		.uleb128 0xb
 1076 012f 3B       		.uleb128 0x3b
 1077 0130 05       		.uleb128 0x5
 1078 0131 49       		.uleb128 0x49
 1079 0132 13       		.uleb128 0x13
 1080 0133 00       		.byte	0
 1081 0134 00       		.byte	0
 1082 0135 19       		.uleb128 0x19
 1083 0136 34       		.uleb128 0x34
 1084 0137 00       		.byte	0
 1085 0138 03       		.uleb128 0x3
 1086 0139 0E       		.uleb128 0xe
 1087 013a 3A       		.uleb128 0x3a
 1088 013b 0B       		.uleb128 0xb
 1089 013c 3B       		.uleb128 0x3b
 1090 013d 05       		.uleb128 0x5
 1091 013e 49       		.uleb128 0x49
 1092 013f 13       		.uleb128 0x13
 1093 0140 00       		.byte	0
ARM GAS  C:\Users\atsu\AppData\Local\Temp\ccNIrBHN.s 			page 27


 1094 0141 00       		.byte	0
 1095 0142 1A       		.uleb128 0x1a
 1096 0143 34       		.uleb128 0x34
 1097 0144 00       		.byte	0
 1098 0145 03       		.uleb128 0x3
 1099 0146 08       		.uleb128 0x8
 1100 0147 3A       		.uleb128 0x3a
 1101 0148 0B       		.uleb128 0xb
 1102 0149 3B       		.uleb128 0x3b
 1103 014a 05       		.uleb128 0x5
 1104 014b 49       		.uleb128 0x49
 1105 014c 13       		.uleb128 0x13
 1106 014d 02       		.uleb128 0x2
 1107 014e 06       		.uleb128 0x6
 1108 014f 00       		.byte	0
 1109 0150 00       		.byte	0
 1110 0151 1B       		.uleb128 0x1b
 1111 0152 0B       		.uleb128 0xb
 1112 0153 01       		.byte	0x1
 1113 0154 11       		.uleb128 0x11
 1114 0155 01       		.uleb128 0x1
 1115 0156 12       		.uleb128 0x12
 1116 0157 01       		.uleb128 0x1
 1117 0158 00       		.byte	0
 1118 0159 00       		.byte	0
 1119 015a 1C       		.uleb128 0x1c
 1120 015b 34       		.uleb128 0x34
 1121 015c 00       		.byte	0
 1122 015d 03       		.uleb128 0x3
 1123 015e 08       		.uleb128 0x8
 1124 015f 3A       		.uleb128 0x3a
 1125 0160 0B       		.uleb128 0xb
 1126 0161 3B       		.uleb128 0x3b
 1127 0162 05       		.uleb128 0x5
 1128 0163 49       		.uleb128 0x49
 1129 0164 13       		.uleb128 0x13
 1130 0165 00       		.byte	0
 1131 0166 00       		.byte	0
 1132 0167 1D       		.uleb128 0x1d
 1133 0168 1D       		.uleb128 0x1d
 1134 0169 01       		.byte	0x1
 1135 016a 31       		.uleb128 0x31
 1136 016b 13       		.uleb128 0x13
 1137 016c 11       		.uleb128 0x11
 1138 016d 01       		.uleb128 0x1
 1139 016e 12       		.uleb128 0x12
 1140 016f 01       		.uleb128 0x1
 1141 0170 58       		.uleb128 0x58
 1142 0171 0B       		.uleb128 0xb
 1143 0172 59       		.uleb128 0x59
 1144 0173 05       		.uleb128 0x5
 1145 0174 00       		.byte	0
 1146 0175 00       		.byte	0
 1147 0176 1E       		.uleb128 0x1e
 1148 0177 05       		.uleb128 0x5
 1149 0178 00       		.byte	0
 1150 0179 31       		.uleb128 0x31
ARM GAS  C:\Users\atsu\AppData\Local\Temp\ccNIrBHN.s 			page 28


 1151 017a 13       		.uleb128 0x13
 1152 017b 1C       		.uleb128 0x1c
 1153 017c 05       		.uleb128 0x5
 1154 017d 00       		.byte	0
 1155 017e 00       		.byte	0
 1156 017f 1F       		.uleb128 0x1f
 1157 0180 05       		.uleb128 0x5
 1158 0181 00       		.byte	0
 1159 0182 31       		.uleb128 0x31
 1160 0183 13       		.uleb128 0x13
 1161 0184 02       		.uleb128 0x2
 1162 0185 06       		.uleb128 0x6
 1163 0186 00       		.byte	0
 1164 0187 00       		.byte	0
 1165 0188 20       		.uleb128 0x20
 1166 0189 898201   		.uleb128 0x4109
 1167 018c 01       		.byte	0x1
 1168 018d 11       		.uleb128 0x11
 1169 018e 01       		.uleb128 0x1
 1170 018f 31       		.uleb128 0x31
 1171 0190 13       		.uleb128 0x13
 1172 0191 01       		.uleb128 0x1
 1173 0192 13       		.uleb128 0x13
 1174 0193 00       		.byte	0
 1175 0194 00       		.byte	0
 1176 0195 21       		.uleb128 0x21
 1177 0196 8A8201   		.uleb128 0x410a
 1178 0199 00       		.byte	0
 1179 019a 02       		.uleb128 0x2
 1180 019b 0A       		.uleb128 0xa
 1181 019c 9142     		.uleb128 0x2111
 1182 019e 0A       		.uleb128 0xa
 1183 019f 00       		.byte	0
 1184 01a0 00       		.byte	0
 1185 01a1 22       		.uleb128 0x22
 1186 01a2 898201   		.uleb128 0x4109
 1187 01a5 01       		.byte	0x1
 1188 01a6 11       		.uleb128 0x11
 1189 01a7 01       		.uleb128 0x1
 1190 01a8 31       		.uleb128 0x31
 1191 01a9 13       		.uleb128 0x13
 1192 01aa 00       		.byte	0
 1193 01ab 00       		.byte	0
 1194 01ac 23       		.uleb128 0x23
 1195 01ad 1D       		.uleb128 0x1d
 1196 01ae 01       		.byte	0x1
 1197 01af 31       		.uleb128 0x31
 1198 01b0 13       		.uleb128 0x13
 1199 01b1 52       		.uleb128 0x52
 1200 01b2 01       		.uleb128 0x1
 1201 01b3 55       		.uleb128 0x55
 1202 01b4 06       		.uleb128 0x6
 1203 01b5 58       		.uleb128 0x58
 1204 01b6 0B       		.uleb128 0xb
 1205 01b7 59       		.uleb128 0x59
 1206 01b8 05       		.uleb128 0x5
 1207 01b9 00       		.byte	0
ARM GAS  C:\Users\atsu\AppData\Local\Temp\ccNIrBHN.s 			page 29


 1208 01ba 00       		.byte	0
 1209 01bb 24       		.uleb128 0x24
 1210 01bc 1D       		.uleb128 0x1d
 1211 01bd 01       		.byte	0x1
 1212 01be 31       		.uleb128 0x31
 1213 01bf 13       		.uleb128 0x13
 1214 01c0 52       		.uleb128 0x52
 1215 01c1 01       		.uleb128 0x1
 1216 01c2 55       		.uleb128 0x55
 1217 01c3 06       		.uleb128 0x6
 1218 01c4 58       		.uleb128 0x58
 1219 01c5 0B       		.uleb128 0xb
 1220 01c6 59       		.uleb128 0x59
 1221 01c7 0B       		.uleb128 0xb
 1222 01c8 01       		.uleb128 0x1
 1223 01c9 13       		.uleb128 0x13
 1224 01ca 00       		.byte	0
 1225 01cb 00       		.byte	0
 1226 01cc 25       		.uleb128 0x25
 1227 01cd 0B       		.uleb128 0xb
 1228 01ce 01       		.byte	0x1
 1229 01cf 55       		.uleb128 0x55
 1230 01d0 06       		.uleb128 0x6
 1231 01d1 00       		.byte	0
 1232 01d2 00       		.byte	0
 1233 01d3 26       		.uleb128 0x26
 1234 01d4 34       		.uleb128 0x34
 1235 01d5 00       		.byte	0
 1236 01d6 31       		.uleb128 0x31
 1237 01d7 13       		.uleb128 0x13
 1238 01d8 02       		.uleb128 0x2
 1239 01d9 06       		.uleb128 0x6
 1240 01da 00       		.byte	0
 1241 01db 00       		.byte	0
 1242 01dc 27       		.uleb128 0x27
 1243 01dd 05       		.uleb128 0x5
 1244 01de 00       		.byte	0
 1245 01df 31       		.uleb128 0x31
 1246 01e0 13       		.uleb128 0x13
 1247 01e1 1C       		.uleb128 0x1c
 1248 01e2 0B       		.uleb128 0xb
 1249 01e3 00       		.byte	0
 1250 01e4 00       		.byte	0
 1251 01e5 28       		.uleb128 0x28
 1252 01e6 34       		.uleb128 0x34
 1253 01e7 00       		.byte	0
 1254 01e8 31       		.uleb128 0x31
 1255 01e9 13       		.uleb128 0x13
 1256 01ea 1C       		.uleb128 0x1c
 1257 01eb 06       		.uleb128 0x6
 1258 01ec 00       		.byte	0
 1259 01ed 00       		.byte	0
 1260 01ee 29       		.uleb128 0x29
 1261 01ef 34       		.uleb128 0x34
 1262 01f0 00       		.byte	0
 1263 01f1 31       		.uleb128 0x31
 1264 01f2 13       		.uleb128 0x13
ARM GAS  C:\Users\atsu\AppData\Local\Temp\ccNIrBHN.s 			page 30


 1265 01f3 1C       		.uleb128 0x1c
 1266 01f4 0B       		.uleb128 0xb
 1267 01f5 00       		.byte	0
 1268 01f6 00       		.byte	0
 1269 01f7 2A       		.uleb128 0x2a
 1270 01f8 2E       		.uleb128 0x2e
 1271 01f9 01       		.byte	0x1
 1272 01fa 3F       		.uleb128 0x3f
 1273 01fb 0C       		.uleb128 0xc
 1274 01fc 03       		.uleb128 0x3
 1275 01fd 0E       		.uleb128 0xe
 1276 01fe 27       		.uleb128 0x27
 1277 01ff 0C       		.uleb128 0xc
 1278 0200 49       		.uleb128 0x49
 1279 0201 13       		.uleb128 0x13
 1280 0202 34       		.uleb128 0x34
 1281 0203 0C       		.uleb128 0xc
 1282 0204 3C       		.uleb128 0x3c
 1283 0205 0C       		.uleb128 0xc
 1284 0206 01       		.uleb128 0x1
 1285 0207 13       		.uleb128 0x13
 1286 0208 00       		.byte	0
 1287 0209 00       		.byte	0
 1288 020a 2B       		.uleb128 0x2b
 1289 020b 05       		.uleb128 0x5
 1290 020c 00       		.byte	0
 1291 020d 49       		.uleb128 0x49
 1292 020e 13       		.uleb128 0x13
 1293 020f 00       		.byte	0
 1294 0210 00       		.byte	0
 1295 0211 2C       		.uleb128 0x2c
 1296 0212 2E       		.uleb128 0x2e
 1297 0213 01       		.byte	0x1
 1298 0214 3F       		.uleb128 0x3f
 1299 0215 0C       		.uleb128 0xc
 1300 0216 03       		.uleb128 0x3
 1301 0217 0E       		.uleb128 0xe
 1302 0218 3A       		.uleb128 0x3a
 1303 0219 0B       		.uleb128 0xb
 1304 021a 3B       		.uleb128 0x3b
 1305 021b 0B       		.uleb128 0xb
 1306 021c 27       		.uleb128 0x27
 1307 021d 0C       		.uleb128 0xc
 1308 021e 3C       		.uleb128 0x3c
 1309 021f 0C       		.uleb128 0xc
 1310 0220 00       		.byte	0
 1311 0221 00       		.byte	0
 1312 0222 00       		.byte	0
 1313              		.section	.debug_loc,"",%progbits
 1314              	.Ldebug_loc0:
 1315              	.LLST0:
 1316 0000 00000000 		.4byte	.LFB6
 1317 0004 02000000 		.4byte	.LCFI0
 1318 0008 0200     		.2byte	0x2
 1319 000a 7D       		.byte	0x7d
 1320 000b 00       		.sleb128 0
 1321 000c 02000000 		.4byte	.LCFI0
ARM GAS  C:\Users\atsu\AppData\Local\Temp\ccNIrBHN.s 			page 31


 1322 0010 6C010000 		.4byte	.LFE6
 1323 0014 0200     		.2byte	0x2
 1324 0016 7D       		.byte	0x7d
 1325 0017 08       		.sleb128 8
 1326 0018 00000000 		.4byte	0
 1327 001c 00000000 		.4byte	0
 1328              	.LLST1:
 1329 0020 04000000 		.4byte	.LVL0
 1330 0024 10000000 		.4byte	.LVL1
 1331 0028 0200     		.2byte	0x2
 1332 002a 30       		.byte	0x30
 1333 002b 9F       		.byte	0x9f
 1334 002c 10000000 		.4byte	.LVL1
 1335 0030 1C000000 		.4byte	.LVL2
 1336 0034 0200     		.2byte	0x2
 1337 0036 31       		.byte	0x31
 1338 0037 9F       		.byte	0x9f
 1339 0038 1C000000 		.4byte	.LVL2
 1340 003c 6C010000 		.4byte	.LFE6
 1341 0040 0200     		.2byte	0x2
 1342 0042 32       		.byte	0x32
 1343 0043 9F       		.byte	0x9f
 1344 0044 00000000 		.4byte	0
 1345 0048 00000000 		.4byte	0
 1346              	.LLST3:
 1347 004c 04000000 		.4byte	.LVL0
 1348 0050 10000000 		.4byte	.LVL1
 1349 0054 0600     		.2byte	0x6
 1350 0056 0C       		.byte	0xc
 1351 0057 00300F40 		.4byte	0x400f3000
 1352 005b 9F       		.byte	0x9f
 1353 005c 10000000 		.4byte	.LVL1
 1354 0060 6C010000 		.4byte	.LFE6
 1355 0064 0600     		.2byte	0x6
 1356 0066 0C       		.byte	0xc
 1357 0067 00400F40 		.4byte	0x400f4000
 1358 006b 9F       		.byte	0x9f
 1359 006c 00000000 		.4byte	0
 1360 0070 00000000 		.4byte	0
 1361              	.LLST4:
 1362 0074 86000000 		.4byte	.LVL5
 1363 0078 8A000000 		.4byte	.LVL6
 1364 007c 0200     		.2byte	0x2
 1365 007e 33       		.byte	0x33
 1366 007f 9F       		.byte	0x9f
 1367 0080 00000000 		.4byte	0
 1368 0084 00000000 		.4byte	0
 1369              	.LLST5:
 1370 0088 84000000 		.4byte	.LVL4
 1371 008c 8A000000 		.4byte	.LVL6
 1372 0090 0100     		.2byte	0x1
 1373 0092 50       		.byte	0x50
 1374 0093 00000000 		.4byte	0
 1375 0097 00000000 		.4byte	0
 1376              	.LLST6:
 1377 009b 86000000 		.4byte	.LVL5
 1378 009f 8A000000 		.4byte	.LVL6
ARM GAS  C:\Users\atsu\AppData\Local\Temp\ccNIrBHN.s 			page 32


 1379 00a3 0100     		.2byte	0x1
 1380 00a5 51       		.byte	0x51
 1381 00a6 00000000 		.4byte	0
 1382 00aa 00000000 		.4byte	0
 1383              		.section	.debug_aranges,"",%progbits
 1384 0000 1C000000 		.4byte	0x1c
 1385 0004 0200     		.2byte	0x2
 1386 0006 00000000 		.4byte	.Ldebug_info0
 1387 000a 04       		.byte	0x4
 1388 000b 00       		.byte	0
 1389 000c 0000     		.2byte	0
 1390 000e 0000     		.2byte	0
 1391 0010 00000000 		.4byte	.LFB6
 1392 0014 6C010000 		.4byte	.LFE6-.LFB6
 1393 0018 00000000 		.4byte	0
 1394 001c 00000000 		.4byte	0
 1395              		.section	.debug_ranges,"",%progbits
 1396              	.Ldebug_ranges0:
 1397 0000 04000000 		.4byte	.LBB14
 1398 0004 6E000000 		.4byte	.LBE14
 1399 0008 70000000 		.4byte	.LBB30
 1400 000c 74000000 		.4byte	.LBE30
 1401 0010 00000000 		.4byte	0
 1402 0014 00000000 		.4byte	0
 1403 0018 6E000000 		.4byte	.LBB18
 1404 001c 70000000 		.4byte	.LBE18
 1405 0020 74000000 		.4byte	.LBB31
 1406 0024 9E000000 		.4byte	.LBE31
 1407 0028 9E000000 		.4byte	.LBB32
 1408 002c E2000000 		.4byte	.LBE32
 1409 0030 00000000 		.4byte	0
 1410 0034 00000000 		.4byte	0
 1411 0038 7C000000 		.4byte	.LBB20
 1412 003c 80000000 		.4byte	.LBE20
 1413 0040 82000000 		.4byte	.LBB25
 1414 0044 9E000000 		.4byte	.LBE25
 1415 0048 9E000000 		.4byte	.LBB26
 1416 004c A2000000 		.4byte	.LBE26
 1417 0050 A4000000 		.4byte	.LBB27
 1418 0054 A6000000 		.4byte	.LBE27
 1419 0058 00000000 		.4byte	0
 1420 005c 00000000 		.4byte	0
 1421 0060 7C000000 		.4byte	.LBB21
 1422 0064 80000000 		.4byte	.LBE21
 1423 0068 82000000 		.4byte	.LBB22
 1424 006c 9E000000 		.4byte	.LBE22
 1425 0070 9E000000 		.4byte	.LBB23
 1426 0074 A2000000 		.4byte	.LBE23
 1427 0078 A4000000 		.4byte	.LBB24
 1428 007c A6000000 		.4byte	.LBE24
 1429 0080 00000000 		.4byte	0
 1430 0084 00000000 		.4byte	0
 1431 0088 00000000 		.4byte	.LFB6
 1432 008c 6C010000 		.4byte	.LFE6
 1433 0090 00000000 		.4byte	0
 1434 0094 00000000 		.4byte	0
 1435              		.section	.debug_line,"",%progbits
ARM GAS  C:\Users\atsu\AppData\Local\Temp\ccNIrBHN.s 			page 33


 1436              	.Ldebug_line0:
 1437 0000 6B010000 		.section	.debug_str,"MS",%progbits,1
 1437      0200E200 
 1437      00000201 
 1437      FB0E0D00 
 1437      01010101 
 1438              	.LASF19:
 1439 0000 72656733 		.ascii	"reg32\000"
 1439      3200
 1440              	.LASF11:
 1441 0006 73697A65 		.ascii	"size_t\000"
 1441      5F7400
 1442              	.LASF34:
 1443 000d 416E616C 		.ascii	"AnalogSetDefault\000"
 1443      6F675365 
 1443      74446566 
 1443      61756C74 
 1443      00
 1444              	.LASF23:
 1445 001e 696D6F5F 		.ascii	"imo_trim_entry_t\000"
 1445      7472696D 
 1445      5F656E74 
 1445      72795F74 
 1445      00
 1446              	.LASF39:
 1447 002f 6366675F 		.ascii	"cfg_memset_list\000"
 1447      6D656D73 
 1447      65745F6C 
 1447      69737400 
 1448              	.LASF35:
 1449 003f 436C6F63 		.ascii	"ClockSetup\000"
 1449      6B536574 
 1449      757000
 1450              	.LASF22:
 1451 004a 746D7063 		.ascii	"tmpco\000"
 1451      6F00
 1452              	.LASF3:
 1453 0050 73686F72 		.ascii	"short unsigned int\000"
 1453      7420756E 
 1453      7369676E 
 1453      65642069 
 1453      6E7400
 1454              	.LASF2:
 1455 0063 73686F72 		.ascii	"short int\000"
 1455      7420696E 
 1455      7400
 1456              	.LASF42:
 1457 006d 433A5C55 		.ascii	"C:\\Users\\atsu\\Desktop\\W5200_PSoC4_test\\W5200_P"
 1457      73657273 
 1457      5C617473 
 1457      755C4465 
 1457      736B746F 
 1458 009b 536F4334 		.ascii	"SoC4_test\\W5200_PSoC4_test.cydsn\000"
 1458      5F746573 
 1458      745C5735 
 1458      3230305F 
 1458      50536F43 
ARM GAS  C:\Users\atsu\AppData\Local\Temp\ccNIrBHN.s 			page 34


 1459              	.LASF31:
 1460 00bc 53657449 		.ascii	"SetIMOBGTrims\000"
 1460      4D4F4247 
 1460      5472696D 
 1460      7300
 1461              	.LASF16:
 1462 00ca 666C6F61 		.ascii	"float\000"
 1462      7400
 1463              	.LASF28:
 1464 00d0 696D6F54 		.ascii	"imoTrimIndex\000"
 1464      72696D49 
 1464      6E646578 
 1464      00
 1465              	.LASF37:
 1466 00dd 73697A65 		.ascii	"size\000"
 1466      00
 1467              	.LASF18:
 1468 00e2 72656738 		.ascii	"reg8\000"
 1468      00
 1469              	.LASF9:
 1470 00e7 6C6F6E67 		.ascii	"long unsigned int\000"
 1470      20756E73 
 1470      69676E65 
 1470      6420696E 
 1470      7400
 1471              	.LASF15:
 1472 00f9 696E7433 		.ascii	"int32\000"
 1472      3200
 1473              	.LASF32:
 1474 00ff 43594D45 		.ascii	"CYMEMZERO\000"
 1474      4D5A4552 
 1474      4F00
 1475              	.LASF1:
 1476 0109 756E7369 		.ascii	"unsigned char\000"
 1476      676E6564 
 1476      20636861 
 1476      7200
 1477              	.LASF44:
 1478 0117 6D656D73 		.ascii	"memset\000"
 1478      657400
 1479              	.LASF17:
 1480 011e 646F7562 		.ascii	"double\000"
 1480      6C6500
 1481              	.LASF33:
 1482 0125 696D6F46 		.ascii	"imoFreq\000"
 1482      72657100 
 1483              	.LASF27:
 1484 012d 494D4F5F 		.ascii	"IMO_TRIM_FREQ_TABLE_ENTRIES\000"
 1484      5452494D 
 1484      5F465245 
 1484      515F5441 
 1484      424C455F 
 1485              	.LASF13:
 1486 0149 75696E74 		.ascii	"uint16\000"
 1486      313600
 1487              	.LASF14:
 1488 0150 75696E74 		.ascii	"uint32\000"
ARM GAS  C:\Users\atsu\AppData\Local\Temp\ccNIrBHN.s 			page 35


 1488      333200
 1489              	.LASF4:
 1490 0157 756E7369 		.ascii	"unsigned int\000"
 1490      676E6564 
 1490      20696E74 
 1490      00
 1491              	.LASF43:
 1492 0164 63796669 		.ascii	"cyfitter_cfg\000"
 1492      74746572 
 1492      5F636667 
 1492      00
 1493              	.LASF36:
 1494 0171 61646472 		.ascii	"address\000"
 1494      65737300 
 1495              	.LASF6:
 1496 0179 6C6F6E67 		.ascii	"long long unsigned int\000"
 1496      206C6F6E 
 1496      6720756E 
 1496      7369676E 
 1496      65642069 
 1497              	.LASF25:
 1498 0190 696D6F5F 		.ascii	"imo_trim_table_t\000"
 1498      7472696D 
 1498      5F746162 
 1498      6C655F74 
 1498      00
 1499              	.LASF38:
 1500 01a1 6366675F 		.ascii	"cfg_memset_t\000"
 1500      6D656D73 
 1500      65745F74 
 1500      00
 1501              	.LASF41:
 1502 01ae 2E5C4765 		.ascii	".\\Generated_Source\\PSoC4\\cyfitter_cfg.c\000"
 1502      6E657261 
 1502      7465645F 
 1502      536F7572 
 1502      63655C50 
 1503              	.LASF8:
 1504 01d6 73697A65 		.ascii	"sizetype\000"
 1504      74797065 
 1504      00
 1505              	.LASF30:
 1506 01df 73657454 		.ascii	"setTmpCo\000"
 1506      6D70436F 
 1506      00
 1507              	.LASF5:
 1508 01e8 6C6F6E67 		.ascii	"long long int\000"
 1508      206C6F6E 
 1508      6720696E 
 1508      7400
 1509              	.LASF45:
 1510 01f6 43794465 		.ascii	"CyDelayUs\000"
 1510      6C617955 
 1510      7300
 1511              	.LASF10:
 1512 0200 63686172 		.ascii	"char\000"
 1512      00
ARM GAS  C:\Users\atsu\AppData\Local\Temp\ccNIrBHN.s 			page 36


 1513              	.LASF21:
 1514 0205 6162736F 		.ascii	"absolute\000"
 1514      6C757465 
 1514      00
 1515              	.LASF20:
 1516 020e 66726571 		.ascii	"freq\000"
 1516      00
 1517              	.LASF12:
 1518 0213 75696E74 		.ascii	"uint8\000"
 1518      3800
 1519              	.LASF40:
 1520 0219 474E5520 		.ascii	"GNU C 4.7.3 20130312 (release) [ARM/embedded-4_7-br"
 1520      4320342E 
 1520      372E3320 
 1520      32303133 
 1520      30333132 
 1521 024c 616E6368 		.ascii	"anch revision 196615]\000"
 1521      20726576 
 1521      6973696F 
 1521      6E203139 
 1521      36363135 
 1522              	.LASF26:
 1523 0262 696D6F5F 		.ascii	"imo_trim_table\000"
 1523      7472696D 
 1523      5F746162 
 1523      6C6500
 1524              	.LASF7:
 1525 0271 6C6F6E67 		.ascii	"long int\000"
 1525      20696E74 
 1525      00
 1526              	.LASF24:
 1527 027a 656E7472 		.ascii	"entries\000"
 1527      69657300 
 1528              	.LASF29:
 1529 0282 73657441 		.ascii	"setAbs\000"
 1529      627300
 1530              	.LASF0:
 1531 0289 7369676E 		.ascii	"signed char\000"
 1531      65642063 
 1531      68617200 
 1532              		.ident	"GCC: (GNU Tools for ARM Embedded Processors) 4.7.3 20130312 (release) [ARM/embedded-4_7-br
